Archive member included to satisfy reference by file (symbol)

c:/st/stm32cubeide_1.9.0/stm32cubeide/plugins/com.st.stm32cube.ide.mcu.externaltools.gnu-tools-for-stm32.10.3-2021.10.win32_1.0.0.202111181127/tools/bin/../lib/gcc/arm-none-eabi/10.3.1/../../../../arm-none-eabi/lib/thumb/v7e-m+dp/hard\libc_nano.a(lib_a-errno.o)
                              ./Core/Src/syscalls.o (__errno)
c:/st/stm32cubeide_1.9.0/stm32cubeide/plugins/com.st.stm32cube.ide.mcu.externaltools.gnu-tools-for-stm32.10.3-2021.10.win32_1.0.0.202111181127/tools/bin/../lib/gcc/arm-none-eabi/10.3.1/../../../../arm-none-eabi/lib/thumb/v7e-m+dp/hard\libc_nano.a(lib_a-exit.o)
                              c:/st/stm32cubeide_1.9.0/stm32cubeide/plugins/com.st.stm32cube.ide.mcu.externaltools.gnu-tools-for-stm32.10.3-2021.10.win32_1.0.0.202111181127/tools/bin/../lib/gcc/arm-none-eabi/10.3.1/../../../../arm-none-eabi/lib/thumb/v7e-m+dp/hard/crt0.o (exit)
c:/st/stm32cubeide_1.9.0/stm32cubeide/plugins/com.st.stm32cube.ide.mcu.externaltools.gnu-tools-for-stm32.10.3-2021.10.win32_1.0.0.202111181127/tools/bin/../lib/gcc/arm-none-eabi/10.3.1/../../../../arm-none-eabi/lib/thumb/v7e-m+dp/hard\libc_nano.a(lib_a-impure.o)
                              c:/st/stm32cubeide_1.9.0/stm32cubeide/plugins/com.st.stm32cube.ide.mcu.externaltools.gnu-tools-for-stm32.10.3-2021.10.win32_1.0.0.202111181127/tools/bin/../lib/gcc/arm-none-eabi/10.3.1/../../../../arm-none-eabi/lib/thumb/v7e-m+dp/hard\libc_nano.a(lib_a-exit.o) (_global_impure_ptr)
c:/st/stm32cubeide_1.9.0/stm32cubeide/plugins/com.st.stm32cube.ide.mcu.externaltools.gnu-tools-for-stm32.10.3-2021.10.win32_1.0.0.202111181127/tools/bin/../lib/gcc/arm-none-eabi/10.3.1/../../../../arm-none-eabi/lib/thumb/v7e-m+dp/hard\libc_nano.a(lib_a-init.o)
                              c:/st/stm32cubeide_1.9.0/stm32cubeide/plugins/com.st.stm32cube.ide.mcu.externaltools.gnu-tools-for-stm32.10.3-2021.10.win32_1.0.0.202111181127/tools/bin/../lib/gcc/arm-none-eabi/10.3.1/../../../../arm-none-eabi/lib/thumb/v7e-m+dp/hard/crt0.o (__libc_init_array)
c:/st/stm32cubeide_1.9.0/stm32cubeide/plugins/com.st.stm32cube.ide.mcu.externaltools.gnu-tools-for-stm32.10.3-2021.10.win32_1.0.0.202111181127/tools/bin/../lib/gcc/arm-none-eabi/10.3.1/../../../../arm-none-eabi/lib/thumb/v7e-m+dp/hard\libc_nano.a(lib_a-memset.o)
                              c:/st/stm32cubeide_1.9.0/stm32cubeide/plugins/com.st.stm32cube.ide.mcu.externaltools.gnu-tools-for-stm32.10.3-2021.10.win32_1.0.0.202111181127/tools/bin/../lib/gcc/arm-none-eabi/10.3.1/../../../../arm-none-eabi/lib/thumb/v7e-m+dp/hard/crt0.o (memset)
c:/st/stm32cubeide_1.9.0/stm32cubeide/plugins/com.st.stm32cube.ide.mcu.externaltools.gnu-tools-for-stm32.10.3-2021.10.win32_1.0.0.202111181127/tools/bin/../lib/gcc/arm-none-eabi/10.3.1/../../../../arm-none-eabi/lib/thumb/v7e-m+dp/hard\libc_nano.a(lib_a-strcmp.o)
                              ./module/cons_msg/cons_msg.o (strcmp)
c:/st/stm32cubeide_1.9.0/stm32cubeide/plugins/com.st.stm32cube.ide.mcu.externaltools.gnu-tools-for-stm32.10.3-2021.10.win32_1.0.0.202111181127/tools/bin/../lib/gcc/arm-none-eabi/10.3.1/../../../../arm-none-eabi/lib/thumb/v7e-m+dp/hard\libc_nano.a(lib_a-strlen.o)
                              ./module/cons_msg/cons_msg.o (strlen)
c:/st/stm32cubeide_1.9.0/stm32cubeide/plugins/com.st.stm32cube.ide.mcu.externaltools.gnu-tools-for-stm32.10.3-2021.10.win32_1.0.0.202111181127/tools/bin/../lib/gcc/arm-none-eabi/10.3.1/../../../../arm-none-eabi/lib/thumb/v7e-m+dp/hard\libc_nano.a(lib_a-strtok_r.o)
                              ./module/cons_msg/cons_msg.o (strtok_r)
c:/st/stm32cubeide_1.9.0/stm32cubeide/plugins/com.st.stm32cube.ide.mcu.externaltools.gnu-tools-for-stm32.10.3-2021.10.win32_1.0.0.202111181127/tools/bin/../lib/gcc/arm-none-eabi/10.3.1/../../../../arm-none-eabi/lib/thumb/v7e-m+dp/hard\libc_nano.a(lib_a-vsprintf.o)
                              ./module/cons_msg/cons_msg.o (vsprintf)
c:/st/stm32cubeide_1.9.0/stm32cubeide/plugins/com.st.stm32cube.ide.mcu.externaltools.gnu-tools-for-stm32.10.3-2021.10.win32_1.0.0.202111181127/tools/bin/../lib/gcc/arm-none-eabi/10.3.1/../../../../arm-none-eabi/lib/thumb/v7e-m+dp/hard\libc_nano.a(lib_a-nano-svfprintf.o)
                              c:/st/stm32cubeide_1.9.0/stm32cubeide/plugins/com.st.stm32cube.ide.mcu.externaltools.gnu-tools-for-stm32.10.3-2021.10.win32_1.0.0.202111181127/tools/bin/../lib/gcc/arm-none-eabi/10.3.1/../../../../arm-none-eabi/lib/thumb/v7e-m+dp/hard\libc_nano.a(lib_a-vsprintf.o) (_svfprintf_r)
c:/st/stm32cubeide_1.9.0/stm32cubeide/plugins/com.st.stm32cube.ide.mcu.externaltools.gnu-tools-for-stm32.10.3-2021.10.win32_1.0.0.202111181127/tools/bin/../lib/gcc/arm-none-eabi/10.3.1/../../../../arm-none-eabi/lib/thumb/v7e-m+dp/hard\libc_nano.a(lib_a-nano-vfprintf_i.o)
[...]
Memory Configuration

Name             Origin             Length             Attributes
FLASH            0x0000000008000000 0x0000000000020000 xr
DTCMRAM          0x0000000020000000 0x0000000000020000 xrw
RAM_D1           0x0000000024000000 0x0000000000080000 xrw
RAM_D2           0x0000000030000000 0x0000000000048000 xrw
RAM_D3           0x0000000038000000 0x0000000000010000 xrw
ITCMRAM          0x0000000000000000 0x0000000000010000 xrw
*default*        0x0000000000000000 0xffffffffffffffff

Linker script and memory map

LOAD c:/st/stm32cubeide_1.9.0/stm32cubeide/plugins/com.st.stm32cube.ide.mcu.externaltools.gnu-tools-for-stm32.10.3-2021.10.win32_1.0.0.202111181127/tools/bin/../lib/gcc/arm-none-eabi/10.3.1/thumb/v7e-m+dp/hard/crti.o
LOAD c:/st/stm32cubeide_1.9.0/stm32cubeide/plugins/com.st.stm32cube.ide.mcu.externaltools.gnu-tools-for-stm32.10.3-2021.10.win32_1.0.0.202111181127/tools/bin/../lib/gcc/arm-none-eabi/10.3.1/thumb/v7e-m+dp/hard/crtbegin.o
LOAD c:/st/stm32cubeide_1.9.0/stm32cubeide/plugins/com.st.stm32cube.ide.mcu.externaltools.gnu-tools-for-stm32.10.3-2021.10.win32_1.0.0.202111181127/tools/bin/../lib/gcc/arm-none-eabi/10.3.1/../../../../arm-none-eabi/lib/thumb/v7e-m+dp/hard/crt0.o
LOAD ./Core/Src/main.o
LOAD ./Core/Src/stm32h7xx_hal_msp.o
LOAD ./Core/Src/stm32h7xx_it.o
LOAD ./Core/Src/syscalls.o
LOAD ./Core/Src/sysmem.o
LOAD ./Core/Src/system_stm32h7xx.o
LOAD ./Core/Startup/startup_stm32h750ibkx.o
LOAD ./Drivers/STM32H7xx_HAL_Driver/Src/stm32h7xx_hal.o
LOAD ./Drivers/STM32H7xx_HAL_Driver/Src/stm32h7xx_hal_cortex.o
LOAD ./Drivers/STM32H7xx_HAL_Driver/Src/stm32h7xx_hal_dma.o
LOAD ./Drivers/STM32H7xx_HAL_Driver/Src/stm32h7xx_hal_dma_ex.o
LOAD ./Drivers/STM32H7xx_HAL_Driver/Src/stm32h7xx_hal_exti.o
LOAD ./Drivers/STM32H7xx_HAL_Driver/Src/stm32h7xx_hal_flash.o
LOAD ./Drivers/STM32H7xx_HAL_Driver/Src/stm32h7xx_hal_flash_ex.o
LOAD ./Drivers/STM32H7xx_HAL_Driver/Src/stm32h7xx_hal_gpio.o
LOAD ./Drivers/STM32H7xx_HAL_Driver/Src/stm32h7xx_hal_hsem.o
LOAD ./Drivers/STM32H7xx_HAL_Driver/Src/stm32h7xx_hal_i2c.o
LOAD ./Drivers/STM32H7xx_HAL_Driver/Src/stm32h7xx_hal_i2c_ex.o
LOAD ./Drivers/STM32H7xx_HAL_Driver/Src/stm32h7xx_hal_mdma.o
LOAD ./Drivers/STM32H7xx_HAL_Driver/Src/stm32h7xx_hal_pwr.o
LOAD ./Drivers/STM32H7xx_HAL_Driver/Src/stm32h7xx_hal_pwr_ex.o
LOAD ./Drivers/STM32H7xx_HAL_Driver/Src/stm32h7xx_hal_rcc.o
LOAD ./Drivers/STM32H7xx_HAL_Driver/Src/stm32h7xx_hal_rcc_ex.o
LOAD ./Drivers/STM32H7xx_HAL_Driver/Src/stm32h7xx_hal_spi.o
LOAD ./Drivers/STM32H7xx_HAL_Driver/Src/stm32h7xx_hal_spi_ex.o
LOAD ./Drivers/STM32H7xx_HAL_Driver/Src/stm32h7xx_hal_tim.o
LOAD ./Drivers/STM32H7xx_HAL_Driver/Src/stm32h7xx_hal_tim_ex.o
LOAD ./Drivers/STM32H7xx_HAL_Driver/Src/stm32h7xx_hal_uart.o
LOAD ./Drivers/STM32H7xx_HAL_Driver/Src/stm32h7xx_hal_uart_ex.o
LOAD ./module/cons_msg/cons_msg.o
LOAD ./module/sub_main/sub_main.o
START GROUP
LOAD c:/st/stm32cubeide_1.9.0/stm32cubeide/plugins/com.st.stm32cube.ide.mcu.externaltools.gnu-tools-for-stm32.10.3-2021.10.win32_1.0.0.202111181127/tools/bin/../lib/gcc/arm-none-eabi/10.3.1/../../../../arm-none-eabi/lib/thumb/v7e-m+dp/hard\libc_nano.a
LOAD c:/st/stm32cubeide_1.9.0/stm32cubeide/plugins/com.st.stm32cube.ide.mcu.externaltools.gnu-tools-for-stm32.10.3-2021.10.win32_1.0.0.202111181127/tools/bin/../lib/gcc/arm-none-eabi/10.3.1/../../../../arm-none-eabi/lib/thumb/v7e-m+dp/hard\libm.a
END GROUP
START GROUP
LOAD c:/st/stm32cubeide_1.9.0/stm32cubeide/plugins/com.st.stm32cube.ide.mcu.externaltools.gnu-tools-for-stm32.10.3-2021.10.win32_1.0.0.202111181127/tools/bin/../lib/gcc/arm-none-eabi/10.3.1/thumb/v7e-m+dp/hard\libgcc.a
LOAD c:/st/stm32cubeide_1.9.0/stm32cubeide/plugins/com.st.stm32cube.ide.mcu.externaltools.gnu-tools-for-stm32.10.3-2021.10.win32_1.0.0.202111181127/tools/bin/../lib/gcc/arm-none-eabi/10.3.1/../../../../arm-none-eabi/lib/thumb/v7e-m+dp/hard\libc_nano.a
END GROUP
START GROUP
LOAD c:/st/stm32cubeide_1.9.0/stm32cubeide/plugins/com.st.stm32cube.ide.mcu.externaltools.gnu-tools-for-stm32.10.3-2021.10.win32_1.0.0.202111181127/tools/bin/../lib/gcc/arm-none-eabi/10.3.1/thumb/v7e-m+dp/hard\libgcc.a
LOAD c:/st/stm32cubeide_1.9.0/stm32cubeide/plugins/com.st.stm32cube.ide.mcu.externaltools.gnu-tools-for-stm32.10.3-2021.10.win32_1.0.0.202111181127/tools/bin/../lib/gcc/arm-none-eabi/10.3.1/../../../../arm-none-eabi/lib/thumb/v7e-m+dp/hard\libc_nano.a
LOAD c:/st/stm32cubeide_1.9.0/stm32cubeide/plugins/com.st.stm32cube.ide.mcu.externaltools.gnu-tools-for-stm32.10.3-2021.10.win32_1.0.0.202111181127/tools/bin/../lib/gcc/arm-none-eabi/10.3.1/../../../../arm-none-eabi/lib/thumb/v7e-m+dp/hard\libnosys.a
END GROUP
START GROUP
LOAD c:/st/stm32cubeide_1.9.0/stm32cubeide/plugins/com.st.stm32cube.ide.mcu.externaltools.gnu-tools-for-stm32.10.3-2021.10.win32_1.0.0.202111181127/tools/bin/../lib/gcc/arm-none-eabi/10.3.1/thumb/v7e-m+dp/hard\libgcc.a
LOAD c:/st/stm32cubeide_1.9.0/stm32cubeide/plugins/com.st.stm32cube.ide.mcu.externaltools.gnu-tools-for-stm32.10.3-2021.10.win32_1.0.0.202111181127/tools/bin/../lib/gcc/arm-none-eabi/10.3.1/../../../../arm-none-eabi/lib/thumb/v7e-m+dp/hard\libc_nano.a
LOAD c:/st/stm32cubeide_1.9.0/stm32cubeide/plugins/com.st.stm32cube.ide.mcu.externaltools.gnu-tools-for-stm32.10.3-2021.10.win32_1.0.0.202111181127/tools/bin/../lib/gcc/arm-none-eabi/10.3.1/../../../../arm-none-eabi/lib/thumb/v7e-m+dp/hard\libnosys.a
END GROUP
LOAD c:/st/stm32cubeide_1.9.0/stm32cubeide/plugins/com.st.stm32cube.ide.mcu.externaltools.gnu-tools-for-stm32.10.3-2021.10.win32_1.0.0.202111181127/tools/bin/../lib/gcc/arm-none-eabi/10.3.1/thumb/v7e-m+dp/hard/crtend.o
LOAD c:/st/stm32cubeide_1.9.0/stm32cubeide/plugins/com.st.stm32cube.ide.mcu.externaltools.gnu-tools-for-stm32.10.3-2021.10.win32_1.0.0.202111181127/tools/bin/../lib/gcc/arm-none-eabi/10.3.1/thumb/v7e-m+dp/hard/crtn.o
                0x0000000024080000                _estack = (ORIGIN (RAM_D1) + LENGTH (RAM_D1))
                0x0000000000000200                _Min_Heap_Size = 0x200
                0x0000000000000400                _Min_Stack_Size = 0x400

.isr_vector     0x0000000008000000      0x298
                0x0000000008000000                . = ALIGN (0x4)
 *(.isr_vector)
 .isr_vector    0x0000000008000000      0x298 ./Core/Startup/startup_stm32h750ibkx.o
                0x0000000008000000                g_pfnVectors
                0x0000000008000298                . = ALIGN (0x4)

.text           0x00000000080002a0     0x8970
                0x00000000080002a0                . = ALIGN (0x4)
 *(.text)
 .text          0x00000000080002a0       0x40 c:/st/stm32cubeide_1.9.0/stm32cubeide/plugins/com.st.stm32cube.ide.mcu.externaltools.gnu-tools-for-stm32.10.3-2021.10.win32_1.0.0.202111181127/tools/bin/../lib/gcc/arm-none-eabi/10.3.1/thumb/v7e-m+dp/hard/crtbegin.o
 .text          0x00000000080002e0       0x14 c:/st/stm32cubeide_1.9.0/stm32cubeide/plugins/com.st.stm32cube.ide.mcu.externaltools.gnu-tools-for-stm32.10.3-2021.10.win32_1.0.0.202111181127/tools/bin/../lib/gcc/arm-none-eabi/10.3.1/../../../../arm-none-eabi/lib/thumb/v7e-m+dp/hard\libc_nano.a(lib_a-strcmp.o)
                0x00000000080002e0                strcmp
 .text          0x00000000080002f4       0x10 c:/st/stm32cubeide_1.9.0/stm32cubeide/plugins/com.st.stm32cube.ide.mcu.externaltools.gnu-tools-for-stm32.10.3-2021.10.win32_1.0.0.202111181127/tools/bin/../lib/gcc/arm-none-eabi/10.3.1/../../../../arm-none-eabi/lib/thumb/v7e-m+dp/hard\libc_nano.a(lib_a-strlen.o)
                0x00000000080002f4                strlen
 *fill*         0x0000000008000304        0xc 
 .text          0x0000000008000310       0xa0 c:/st/stm32cubeide_1.9.0/stm32cubeide/plugins/com.st.stm32cube.ide.mcu.externaltools.gnu-tools-for-stm32.10.3-2021.10.win32_1.0.0.202111181127/tools/bin/../lib/gcc/arm-none-eabi/10.3.1/../../../../arm-none-eabi/lib/thumb/v7e-m+dp/hard\libc_nano.a(lib_a-memchr.o)
                0x0000000008000310                memchr
 .text          0x00000000080003b0       0x30 c:/st/stm32cubeide_1.9.0/stm32cubeide/plugins/com.st.stm32cube.ide.mcu.externaltools.gnu-tools-for-stm32.10.3-2021.10.win32_1.0.0.202111181127/tools/bin/../lib/gcc/arm-none-eabi/10.3.1/thumb/v7e-m+dp/hard\libgcc.a(_aeabi_uldivmod.o)
                0x00000000080003b0                __aeabi_uldivmod
 .text          0x00000000080003e0      0x2d0 c:/st/stm32cubeide_1.9.0/stm32cubeide/plugins/com.st.stm32cube.ide.mcu.externaltools.gnu-tools-for-stm32.10.3-2021.10.win32_1.0.0.202111181127/tools/bin/../lib/gcc/arm-none-eabi/10.3.1/thumb/v7e-m+dp/hard\libgcc.a(_udivmoddi4.o)
                0x00000000080003e0                __udivmoddi4
 .text          0x00000000080006b0        0x4 c:/st/stm32cubeide_1.9.0/stm32cubeide/plugins/com.st.stm32cube.ide.mcu.externaltools.gnu-tools-for-stm32.10.3-2021.10.win32_1.0.0.202111181127/tools/bin/../lib/gcc/arm-none-eabi/10.3.1/thumb/v7e-m+dp/hard\libgcc.a(_dvmd_tls.o)
                0x00000000080006b0                __aeabi_idiv0
                0x00000000080006b0                __aeabi_ldiv0
 *(.text*)
 .text.main     0x00000000080006b4       0xf8 ./Core/Src/main.o
                0x00000000080006b4                main
 .text.SystemClock_Config
                0x00000000080007ac      0x16c ./Core/Src/main.o
                0x00000000080007ac                SystemClock_Config
 .text.PeriphCommonClock_Config
                0x0000000008000918       0x64 ./Core/Src/main.o
                0x0000000008000918                PeriphCommonClock_Config
 .text.MX_I2C1_Init
                0x000000000800097c       0x80 ./Core/Src/main.o
 .text.MX_I2C2_Init
                0x00000000080009fc       0x80 ./Core/Src/main.o
 .text.MX_I2C3_Init
                0x0000000008000a7c       0x80 ./Core/Src/main.o
 .text.MX_I2C4_Init
                0x0000000008000afc       0x80 ./Core/Src/main.o
 .text.MX_SPI1_Init
                0x0000000008000b7c       0xac ./Core/Src/main.o
 .text.MX_SPI2_Init
                0x0000000008000c28       0xac ./Core/Src/main.o
 .text.MX_SPI4_Init
                0x0000000008000cd4       0xac ./Core/Src/main.o
 .text.MX_SPI5_Init
                0x0000000008000d80       0xac ./Core/Src/main.o
 .text.MX_USART2_UART_Init
                0x0000000008000e2c       0x98 ./Core/Src/main.o
 .text.MX_GPIO_Init
                0x0000000008000ec4      0x178 ./Core/Src/main.o
 .text.HAL_UART_RxCpltCallback
                0x000000000800103c       0x16 ./Core/Src/main.o
                0x000000000800103c                HAL_UART_RxCpltCallback
 .text.HAL_UART_TxCpltCallback
                0x0000000008001052       0x16 ./Core/Src/main.o
                0x0000000008001052                HAL_UART_TxCpltCallback
 .text.Error_Handler
                0x0000000008001068        0xa ./Core/Src/main.o
                0x0000000008001068                Error_Handler
 *fill*         0x0000000008001072        0x2 
 .text.HAL_MspInit
                0x0000000008001074       0x34 ./Core/Src/stm32h7xx_hal_msp.o
                0x0000000008001074                HAL_MspInit
 .text.HAL_I2C_MspInit
                0x00000000080010a8      0x294 ./Core/Src/stm32h7xx_hal_msp.o
                0x00000000080010a8                HAL_I2C_MspInit
 .text.HAL_SPI_MspInit
                0x000000000800133c      0x1e8 ./Core/Src/stm32h7xx_hal_msp.o
                0x000000000800133c                HAL_SPI_MspInit
 .text.HAL_UART_MspInit
                0x0000000008001524       0xa4 ./Core/Src/stm32h7xx_hal_msp.o
                0x0000000008001524                HAL_UART_MspInit
 .text.NMI_Handler
                0x00000000080015c8        0x6 ./Core/Src/stm32h7xx_it.o
                0x00000000080015c8                NMI_Handler
 .text.HardFault_Handler
                0x00000000080015ce        0x6 ./Core/Src/stm32h7xx_it.o
                0x00000000080015ce                HardFault_Handler
 .text.MemManage_Handler
                0x00000000080015d4        0x6 ./Core/Src/stm32h7xx_it.o
                0x00000000080015d4                MemManage_Handler
 .text.BusFault_Handler
                0x00000000080015da        0x6 ./Core/Src/stm32h7xx_it.o
                0x00000000080015da                BusFault_Handler
 .text.UsageFault_Handler
                0x00000000080015e0        0x6 ./Core/Src/stm32h7xx_it.o
                0x00000000080015e0                UsageFault_Handler
 .text.SVC_Handler
                0x00000000080015e6        0xe ./Core/Src/stm32h7xx_it.o
                0x00000000080015e6                SVC_Handler
 .text.DebugMon_Handler
                0x00000000080015f4        0xe ./Core/Src/stm32h7xx_it.o
                0x00000000080015f4                DebugMon_Handler
 .text.PendSV_Handler
                0x0000000008001602        0xe ./Core/Src/stm32h7xx_it.o
                0x0000000008001602                PendSV_Handler
 .text.SysTick_Handler
                0x0000000008001610        0xc ./Core/Src/stm32h7xx_it.o
                0x0000000008001610                SysTick_Handler
 .text.USART2_IRQHandler
                0x000000000800161c       0x14 ./Core/Src/stm32h7xx_it.o
                0x000000000800161c                USART2_IRQHandler
 .text._sbrk    0x0000000008001630       0x6c ./Core/Src/sysmem.o
                0x0000000008001630                _sbrk
 .text.SystemInit
                0x000000000800169c      0x110 ./Core/Src/system_stm32h7xx.o
                0x000000000800169c                SystemInit
 .text.Reset_Handler
                0x00000000080017ac       0x50 ./Core/Startup/startup_stm32h750ibkx.o
                0x00000000080017ac                Reset_Handler
 .text.Default_Handler
                0x00000000080017fc        0x2 ./Core/Startup/startup_stm32h750ibkx.o
                0x00000000080017fc                RTC_Alarm_IRQHandler
                0x00000000080017fc                HASH_RNG_IRQHandler
                0x00000000080017fc                EXTI2_IRQHandler
                0x00000000080017fc                TIM8_CC_IRQHandler
                0x00000000080017fc                HRTIM1_Master_IRQHandler
                0x00000000080017fc                UART8_IRQHandler
                0x00000000080017fc                SPI4_IRQHandler
                0x00000000080017fc                TIM1_CC_IRQHandler
                0x00000000080017fc                BDMA_Channel6_IRQHandler
                0x00000000080017fc                DMA2_Stream5_IRQHandler
                0x00000000080017fc                HRTIM1_FLT_IRQHandler
                0x00000000080017fc                JPEG_IRQHandler
                0x00000000080017fc                DMA1_Stream5_IRQHandler
                0x00000000080017fc                BDMA_Channel1_IRQHandler
                0x00000000080017fc                HRTIM1_TIMD_IRQHandler
                0x00000000080017fc                TAMP_STAMP_IRQHandler
                0x00000000080017fc                EXTI3_IRQHandler
                0x00000000080017fc                LPTIM4_IRQHandler
                0x00000000080017fc                TIM8_TRG_COM_TIM14_IRQHandler
                0x00000000080017fc                LPTIM2_IRQHandler
                0x00000000080017fc                DFSDM1_FLT1_IRQHandler
                0x00000000080017fc                DMAMUX2_OVR_IRQHandler
                0x00000000080017fc                TIM8_UP_TIM13_IRQHandler
                0x00000000080017fc                I2C3_ER_IRQHandler
                0x00000000080017fc                DFSDM1_FLT2_IRQHandler
                0x00000000080017fc                MDMA_IRQHandler
                0x00000000080017fc                LPTIM3_IRQHandler
                0x00000000080017fc                HSEM1_IRQHandler
                0x00000000080017fc                EXTI0_IRQHandler
                0x00000000080017fc                I2C2_EV_IRQHandler
                0x00000000080017fc                DMA1_Stream2_IRQHandler
                0x00000000080017fc                FPU_IRQHandler
                0x00000000080017fc                OTG_HS_WKUP_IRQHandler
                0x00000000080017fc                FDCAN1_IT1_IRQHandler
                0x00000000080017fc                LTDC_ER_IRQHandler
                0x00000000080017fc                DMA2_Stream2_IRQHandler
                0x00000000080017fc                HRTIM1_TIME_IRQHandler
                0x00000000080017fc                SPI1_IRQHandler
                0x00000000080017fc                TIM6_DAC_IRQHandler
                0x00000000080017fc                DCMI_IRQHandler
                0x00000000080017fc                HRTIM1_TIMC_IRQHandler
                0x00000000080017fc                DMA2_Stream3_IRQHandler
                0x00000000080017fc                SAI2_IRQHandler
                0x00000000080017fc                DFSDM1_FLT3_IRQHandler
                0x00000000080017fc                USART6_IRQHandler
                0x00000000080017fc                TIM17_IRQHandler
                0x00000000080017fc                USART3_IRQHandler
                0x00000000080017fc                BDMA_Channel7_IRQHandler
                0x00000000080017fc                CRYP_IRQHandler
                0x00000000080017fc                LPTIM5_IRQHandler
                0x00000000080017fc                UART5_IRQHandler
                0x00000000080017fc                ADC3_IRQHandler
                0x00000000080017fc                DMA2_Stream0_IRQHandler
                0x00000000080017fc                TIM4_IRQHandler
                0x00000000080017fc                BDMA_Channel2_IRQHandler
                0x00000000080017fc                QUADSPI_IRQHandler
                0x00000000080017fc                I2C1_EV_IRQHandler
                0x00000000080017fc                DMA1_Stream6_IRQHandler
                0x00000000080017fc                DMAMUX1_OVR_IRQHandler
                0x00000000080017fc                DMA1_Stream1_IRQHandler
                0x00000000080017fc                TIM16_IRQHandler
                0x00000000080017fc                UART4_IRQHandler
                0x00000000080017fc                BDMA_Channel5_IRQHandler
                0x00000000080017fc                TIM3_IRQHandler
                0x00000000080017fc                RCC_IRQHandler
                0x00000000080017fc                TIM8_BRK_TIM12_IRQHandler
                0x00000000080017fc                TIM1_TRG_COM_IRQHandler
                0x00000000080017fc                Default_Handler
                0x00000000080017fc                ECC_IRQHandler
                0x00000000080017fc                CEC_IRQHandler
                0x00000000080017fc                EXTI15_10_IRQHandler
                0x00000000080017fc                BDMA_Channel0_IRQHandler
                0x00000000080017fc                ADC_IRQHandler
                0x00000000080017fc                DMA1_Stream7_IRQHandler
                0x00000000080017fc                HRTIM1_TIMA_IRQHandler
                0x00000000080017fc                SPI5_IRQHandler
                0x00000000080017fc                TIM7_IRQHandler
                0x00000000080017fc                SDMMC1_IRQHandler
                0x00000000080017fc                TIM5_IRQHandler
                0x00000000080017fc                DMA2_Stream7_IRQHandler
                0x00000000080017fc                TIM15_IRQHandler
                0x00000000080017fc                PVD_AVD_IRQHandler
                0x00000000080017fc                I2C3_EV_IRQHandler
                0x00000000080017fc                EXTI9_5_IRQHandler
                0x00000000080017fc                RTC_WKUP_IRQHandler
                0x00000000080017fc                LTDC_IRQHandler
                0x00000000080017fc                SAI3_IRQHandler
                0x00000000080017fc                ETH_WKUP_IRQHandler
                0x00000000080017fc                SPDIF_RX_IRQHandler
                0x00000000080017fc                SPI2_IRQHandler
                0x00000000080017fc                OTG_HS_EP1_IN_IRQHandler
                0x00000000080017fc                DMA1_Stream0_IRQHandler
                0x00000000080017fc                CRS_IRQHandler
                0x00000000080017fc                EXTI4_IRQHandler
                0x00000000080017fc                HRTIM1_TIMB_IRQHandler
                0x00000000080017fc                FDCAN2_IT1_IRQHandler
                0x00000000080017fc                ETH_IRQHandler
                0x00000000080017fc                TIM1_UP_IRQHandler
                0x00000000080017fc                BDMA_Channel4_IRQHandler
                0x00000000080017fc                OTG_HS_EP1_OUT_IRQHandler
                0x00000000080017fc                WWDG_IRQHandler
                0x00000000080017fc                SPI6_IRQHandler
                0x00000000080017fc                MDIOS_IRQHandler
                0x00000000080017fc                I2C4_EV_IRQHandler
                0x00000000080017fc                FDCAN2_IT0_IRQHandler
                0x00000000080017fc                LPUART1_IRQHandler
                0x00000000080017fc                FDCAN1_IT0_IRQHandler
                0x00000000080017fc                TIM2_IRQHandler
                0x00000000080017fc                OTG_FS_WKUP_IRQHandler
                0x00000000080017fc                OTG_HS_IRQHandler
                0x00000000080017fc                DMA2D_IRQHandler
                0x00000000080017fc                TIM1_BRK_IRQHandler
                0x00000000080017fc                EXTI1_IRQHandler
                0x00000000080017fc                SDMMC2_IRQHandler
                0x00000000080017fc                OTG_FS_EP1_OUT_IRQHandler
                0x00000000080017fc                BDMA_Channel3_IRQHandler
                0x00000000080017fc                UART7_IRQHandler
                0x00000000080017fc                MDIOS_WKUP_IRQHandler
                0x00000000080017fc                DFSDM1_FLT0_IRQHandler
                0x00000000080017fc                SAI4_IRQHandler
                0x00000000080017fc                I2C2_ER_IRQHandler
                0x00000000080017fc                DMA2_Stream1_IRQHandler
                0x00000000080017fc                FLASH_IRQHandler
                0x00000000080017fc                DMA2_Stream4_IRQHandler
                0x00000000080017fc                USART1_IRQHandler
                0x00000000080017fc                OTG_FS_IRQHandler
                0x00000000080017fc                SPI3_IRQHandler
                0x00000000080017fc                WAKEUP_PIN_IRQHandler
                0x00000000080017fc                DMA1_Stream4_IRQHandler
                0x00000000080017fc                OTG_FS_EP1_IN_IRQHandler
                0x00000000080017fc                I2C1_ER_IRQHandler
                0x00000000080017fc                FMC_IRQHandler
                0x00000000080017fc                FDCAN_CAL_IRQHandler
                0x00000000080017fc                SWPMI1_IRQHandler
                0x00000000080017fc                COMP1_IRQHandler
                0x00000000080017fc                LPTIM1_IRQHandler
                0x00000000080017fc                I2C4_ER_IRQHandler
                0x00000000080017fc                DMA2_Stream6_IRQHandler
                0x00000000080017fc                SAI1_IRQHandler
                0x00000000080017fc                DMA1_Stream3_IRQHandler
 *fill*         0x00000000080017fe        0x2 
 .text.HAL_Init
                0x0000000008001800       0x78 ./Drivers/STM32H7xx_HAL_Driver/Src/stm32h7xx_hal.o
                0x0000000008001800                HAL_Init
 .text.HAL_InitTick
                0x0000000008001878       0x6c ./Drivers/STM32H7xx_HAL_Driver/Src/stm32h7xx_hal.o
                0x0000000008001878                HAL_InitTick
 .text.HAL_IncTick
                0x00000000080018e4       0x28 ./Drivers/STM32H7xx_HAL_Driver/Src/stm32h7xx_hal.o
                0x00000000080018e4                HAL_IncTick
 .text.HAL_GetTick
                0x000000000800190c       0x18 ./Drivers/STM32H7xx_HAL_Driver/Src/stm32h7xx_hal.o
                0x000000000800190c                HAL_GetTick
 .text.HAL_GetREVID
                0x0000000008001924       0x18 ./Drivers/STM32H7xx_HAL_Driver/Src/stm32h7xx_hal.o
                0x0000000008001924                HAL_GetREVID
 .text.__NVIC_SetPriorityGrouping
                0x000000000800193c       0x48 ./Drivers/STM32H7xx_HAL_Driver/Src/stm32h7xx_hal_cortex.o
 .text.__NVIC_GetPriorityGrouping
                0x0000000008001984       0x1c ./Drivers/STM32H7xx_HAL_Driver/Src/stm32h7xx_hal_cortex.o
 .text.__NVIC_EnableIRQ
                0x00000000080019a0       0x3c ./Drivers/STM32H7xx_HAL_Driver/Src/stm32h7xx_hal_cortex.o
 .text.__NVIC_SetPriority
                0x00000000080019dc       0x54 ./Drivers/STM32H7xx_HAL_Driver/Src/stm32h7xx_hal_cortex.o
 .text.NVIC_EncodePriority
                0x0000000008001a30       0x66 ./Drivers/STM32H7xx_HAL_Driver/Src/stm32h7xx_hal_cortex.o
 *fill*         0x0000000008001a96        0x2 
 .text.SysTick_Config
                0x0000000008001a98       0x44 ./Drivers/STM32H7xx_HAL_Driver/Src/stm32h7xx_hal_cortex.o
 .text.HAL_NVIC_SetPriorityGrouping
                0x0000000008001adc       0x16 ./Drivers/STM32H7xx_HAL_Driver/Src/stm32h7xx_hal_cortex.o
                0x0000000008001adc                HAL_NVIC_SetPriorityGrouping
 .text.HAL_NVIC_SetPriority
                0x0000000008001af2       0x34 ./Drivers/STM32H7xx_HAL_Driver/Src/stm32h7xx_hal_cortex.o
                0x0000000008001af2                HAL_NVIC_SetPriority
 .text.HAL_NVIC_EnableIRQ
                0x0000000008001b26       0x1c ./Drivers/STM32H7xx_HAL_Driver/Src/stm32h7xx_hal_cortex.o
                0x0000000008001b26                HAL_NVIC_EnableIRQ
 .text.HAL_SYSTICK_Config
                0x0000000008001b42       0x18 ./Drivers/STM32H7xx_HAL_Driver/Src/stm32h7xx_hal_cortex.o
                0x0000000008001b42                HAL_SYSTICK_Config
 *fill*         0x0000000008001b5a        0x2 
 .text.HAL_DMA_Abort
                0x0000000008001b5c      0x63c ./Drivers/STM32H7xx_HAL_Driver/Src/stm32h7xx_hal_dma.o
                0x0000000008001b5c                HAL_DMA_Abort
 .text.HAL_DMA_Abort_IT
                0x0000000008002198      0x48c ./Drivers/STM32H7xx_HAL_Driver/Src/stm32h7xx_hal_dma.o
                0x0000000008002198                HAL_DMA_Abort_IT
 .text.HAL_GPIO_Init
                0x0000000008002624      0x360 ./Drivers/STM32H7xx_HAL_Driver/Src/stm32h7xx_hal_gpio.o
                0x0000000008002624                HAL_GPIO_Init
 .text.HAL_GPIO_WritePin
                0x0000000008002984       0x32 ./Drivers/STM32H7xx_HAL_Driver/Src/stm32h7xx_hal_gpio.o
                0x0000000008002984                HAL_GPIO_WritePin
 .text.HAL_GPIO_TogglePin
                0x00000000080029b6       0x34 ./Drivers/STM32H7xx_HAL_Driver/Src/stm32h7xx_hal_gpio.o
                0x00000000080029b6                HAL_GPIO_TogglePin
 *fill*         0x00000000080029ea        0x2 
 .text.HAL_I2C_Init
                0x00000000080029ec      0x120 ./Drivers/STM32H7xx_HAL_Driver/Src/stm32h7xx_hal_i2c.o
                0x00000000080029ec                HAL_I2C_Init
 .text.HAL_I2CEx_ConfigAnalogFilter
                0x0000000008002b0c       0x96 ./Drivers/STM32H7xx_HAL_Driver/Src/stm32h7xx_hal_i2c_ex.o
                0x0000000008002b0c                HAL_I2CEx_ConfigAnalogFilter
 .text.HAL_I2CEx_ConfigDigitalFilter
                0x0000000008002ba2       0x98 ./Drivers/STM32H7xx_HAL_Driver/Src/stm32h7xx_hal_i2c_ex.o
                0x0000000008002ba2                HAL_I2CEx_ConfigDigitalFilter
 *fill*         0x0000000008002c3a        0x2 
 .text.HAL_PWREx_ConfigSupply
                0x0000000008002c3c       0x74 ./Drivers/STM32H7xx_HAL_Driver/Src/stm32h7xx_hal_pwr_ex.o
                0x0000000008002c3c                HAL_PWREx_ConfigSupply
 .text.HAL_RCC_OscConfig
                0x0000000008002cb0      0x85c ./Drivers/STM32H7xx_HAL_Driver/Src/stm32h7xx_hal_rcc.o
                0x0000000008002cb0                HAL_RCC_OscConfig
 .text.HAL_RCC_ClockConfig
                0x000000000800350c      0x36c ./Drivers/STM32H7xx_HAL_Driver/Src/stm32h7xx_hal_rcc.o
                0x000000000800350c                HAL_RCC_ClockConfig
 .text.HAL_RCC_GetSysClockFreq
                0x0000000008003878      0x2f4 ./Drivers/STM32H7xx_HAL_Driver/Src/stm32h7xx_hal_rcc.o
                0x0000000008003878                HAL_RCC_GetSysClockFreq
 .text.HAL_RCC_GetHCLKFreq
                0x0000000008003b6c       0x60 ./Drivers/STM32H7xx_HAL_Driver/Src/stm32h7xx_hal_rcc.o
                0x0000000008003b6c                HAL_RCC_GetHCLKFreq
 .text.HAL_RCC_GetPCLK1Freq
                0x0000000008003bcc       0x2c ./Drivers/STM32H7xx_HAL_Driver/Src/stm32h7xx_hal_rcc.o
                0x0000000008003bcc                HAL_RCC_GetPCLK1Freq
 .text.HAL_RCC_GetPCLK2Freq
                0x0000000008003bf8       0x2c ./Drivers/STM32H7xx_HAL_Driver/Src/stm32h7xx_hal_rcc.o
                0x0000000008003bf8                HAL_RCC_GetPCLK2Freq
 .text.HAL_RCCEx_PeriphCLKConfig
                0x0000000008003c24      0xe8c ./Drivers/STM32H7xx_HAL_Driver/Src/stm32h7xx_hal_rcc_ex.o
                0x0000000008003c24                HAL_RCCEx_PeriphCLKConfig
 .text.HAL_RCCEx_GetD3PCLK1Freq
                0x0000000008004ab0       0x2c ./Drivers/STM32H7xx_HAL_Driver/Src/stm32h7xx_hal_rcc_ex.o
                0x0000000008004ab0                HAL_RCCEx_GetD3PCLK1Freq
 .text.HAL_RCCEx_GetPLL2ClockFreq
                0x0000000008004adc      0x2a8 ./Drivers/STM32H7xx_HAL_Driver/Src/stm32h7xx_hal_rcc_ex.o
                0x0000000008004adc                HAL_RCCEx_GetPLL2ClockFreq
 .text.HAL_RCCEx_GetPLL3ClockFreq
                0x0000000008004d84      0x2a8 ./Drivers/STM32H7xx_HAL_Driver/Src/stm32h7xx_hal_rcc_ex.o
                0x0000000008004d84                HAL_RCCEx_GetPLL3ClockFreq
 .text.RCCEx_PLL2_Config
                0x000000000800502c      0x164 ./Drivers/STM32H7xx_HAL_Driver/Src/stm32h7xx_hal_rcc_ex.o
 .text.RCCEx_PLL3_Config
                0x0000000008005190      0x164 ./Drivers/STM32H7xx_HAL_Driver/Src/stm32h7xx_hal_rcc_ex.o
 .text.HAL_SPI_Init
                0x00000000080052f4      0x20c ./Drivers/STM32H7xx_HAL_Driver/Src/stm32h7xx_hal_spi.o
                0x00000000080052f4                HAL_SPI_Init
 .text.SPI_GetPacketSize
                0x0000000008005500       0x36 ./Drivers/STM32H7xx_HAL_Driver/Src/stm32h7xx_hal_spi.o
 .text.HAL_UART_Init
                0x0000000008005536       0xa0 ./Drivers/STM32H7xx_HAL_Driver/Src/stm32h7xx_hal_uart.o
                0x0000000008005536                HAL_UART_Init
 .text.HAL_UART_Transmit
                0x00000000080055d6      0x12c ./Drivers/STM32H7xx_HAL_Driver/Src/stm32h7xx_hal_uart.o
                0x00000000080055d6                HAL_UART_Transmit
 *fill*         0x0000000008005702        0x2 
 .text.HAL_UART_Receive_IT
                0x0000000008005704       0xac ./Drivers/STM32H7xx_HAL_Driver/Src/stm32h7xx_hal_uart.o
                0x0000000008005704                HAL_UART_Receive_IT
 .text.HAL_UART_IRQHandler
                0x00000000080057b0      0x73c ./Drivers/STM32H7xx_HAL_Driver/Src/stm32h7xx_hal_uart.o
                0x00000000080057b0                HAL_UART_IRQHandler
 .text.HAL_UART_ErrorCallback
                0x0000000008005eec       0x14 ./Drivers/STM32H7xx_HAL_Driver/Src/stm32h7xx_hal_uart.o
                0x0000000008005eec                HAL_UART_ErrorCallback
 .text.HAL_UARTEx_RxEventCallback
                0x0000000008005f00       0x18 ./Drivers/STM32H7xx_HAL_Driver/Src/stm32h7xx_hal_uart.o
                0x0000000008005f00                HAL_UARTEx_RxEventCallback
 .text.UART_SetConfig
                0x0000000008005f18      0xad0 ./Drivers/STM32H7xx_HAL_Driver/Src/stm32h7xx_hal_uart.o
                0x0000000008005f18                UART_SetConfig
 .text.UART_AdvFeatureConfig
                0x00000000080069e8      0x144 ./Drivers/STM32H7xx_HAL_Driver/Src/stm32h7xx_hal_uart.o
                0x00000000080069e8                UART_AdvFeatureConfig
 .text.UART_CheckIdleState
                0x0000000008006b2c       0x96 ./Drivers/STM32H7xx_HAL_Driver/Src/stm32h7xx_hal_uart.o
                0x0000000008006b2c                UART_CheckIdleState
 .text.UART_WaitOnFlagUntilTimeout
                0x0000000008006bc2      0x190 ./Drivers/STM32H7xx_HAL_Driver/Src/stm32h7xx_hal_uart.o
                0x0000000008006bc2                UART_WaitOnFlagUntilTimeout
 *fill*         0x0000000008006d52        0x2 
 .text.UART_Start_Receive_IT
                0x0000000008006d54      0x254 ./Drivers/STM32H7xx_HAL_Driver/Src/stm32h7xx_hal_uart.o
                0x0000000008006d54                UART_Start_Receive_IT
 .text.UART_EndRxTransfer
                0x0000000008006fa8       0xcc ./Drivers/STM32H7xx_HAL_Driver/Src/stm32h7xx_hal_uart.o
 .text.UART_DMAAbortOnError
                0x0000000008007074       0x2c ./Drivers/STM32H7xx_HAL_Driver/Src/stm32h7xx_hal_uart.o
 .text.UART_EndTransmit_IT
                0x00000000080070a0       0x56 ./Drivers/STM32H7xx_HAL_Driver/Src/stm32h7xx_hal_uart.o
 .text.UART_RxISR_8BIT
                0x00000000080070f6      0x160 ./Drivers/STM32H7xx_HAL_Driver/Src/stm32h7xx_hal_uart.o
 .text.UART_RxISR_16BIT
                0x0000000008007256      0x160 ./Drivers/STM32H7xx_HAL_Driver/Src/stm32h7xx_hal_uart.o
 *fill*         0x00000000080073b6        0x2 
 .text.UART_RxISR_8BIT_FIFOEN
                0x00000000080073b8      0x2f8 ./Drivers/STM32H7xx_HAL_Driver/Src/stm32h7xx_hal_uart.o
 .text.UART_RxISR_16BIT_FIFOEN
                0x00000000080076b0      0x300 ./Drivers/STM32H7xx_HAL_Driver/Src/stm32h7xx_hal_uart.o
 .text.HAL_UARTEx_WakeupCallback
                0x00000000080079b0       0x14 ./Drivers/STM32H7xx_HAL_Driver/Src/stm32h7xx_hal_uart_ex.o
                0x00000000080079b0                HAL_UARTEx_WakeupCallback
 .text.HAL_UARTEx_RxFifoFullCallback
                0x00000000080079c4       0x14 ./Drivers/STM32H7xx_HAL_Driver/Src/stm32h7xx_hal_uart_ex.o
                0x00000000080079c4                HAL_UARTEx_RxFifoFullCallback
 .text.HAL_UARTEx_TxFifoEmptyCallback
                0x00000000080079d8       0x14 ./Drivers/STM32H7xx_HAL_Driver/Src/stm32h7xx_hal_uart_ex.o
                0x00000000080079d8                HAL_UARTEx_TxFifoEmptyCallback
 .text.HAL_UARTEx_DisableFifoMode
                0x00000000080079ec       0x72 ./Drivers/STM32H7xx_HAL_Driver/Src/stm32h7xx_hal_uart_ex.o
                0x00000000080079ec                HAL_UARTEx_DisableFifoMode
 .text.HAL_UARTEx_SetTxFifoThreshold
                0x0000000008007a5e       0x7c ./Drivers/STM32H7xx_HAL_Driver/Src/stm32h7xx_hal_uart_ex.o
                0x0000000008007a5e                HAL_UARTEx_SetTxFifoThreshold
 .text.HAL_UARTEx_SetRxFifoThreshold
                0x0000000008007ada       0x7c ./Drivers/STM32H7xx_HAL_Driver/Src/stm32h7xx_hal_uart_ex.o
                0x0000000008007ada                HAL_UARTEx_SetRxFifoThreshold
 *fill*         0x0000000008007b56        0x2 
 .text.UARTEx_SetNbDataToProcess
                0x0000000008007b58       0x9c ./Drivers/STM32H7xx_HAL_Driver/Src/stm32h7xx_hal_uart_ex.o
 .text.console_printf
                0x0000000008007bf4       0x30 ./module/cons_msg/cons_msg.o
                0x0000000008007bf4                console_printf
 .text.console_puts
                0x0000000008007c24       0x30 ./module/cons_msg/cons_msg.o
                0x0000000008007c24                console_puts
 .text.console_putc
                0x0000000008007c54       0x28 ./module/cons_msg/cons_msg.o
                0x0000000008007c54                console_putc
 .text.console_recv
                0x0000000008007c7c      0x1e4 ./module/cons_msg/cons_msg.o
                0x0000000008007c7c                console_recv
 .text.command_parser
                0x0000000008007e60      0x13c ./module/cons_msg/cons_msg.o
                0x0000000008007e60                command_parser
 .text.console_process
                0x0000000008007f9c       0x8c ./module/cons_msg/cons_msg.o
                0x0000000008007f9c                console_process
 .text.CONSMSG_Initial
                0x0000000008008028       0x98 ./module/cons_msg/cons_msg.o
                0x0000000008008028                CONSMSG_Initial
 .text.CONSMSG_Rx_IT
                0x00000000080080c0       0x30 ./module/cons_msg/cons_msg.o
                0x00000000080080c0                CONSMSG_Rx_IT
 .text.CONSMSG_Tx_IT
                0x00000000080080f0       0x14 ./module/cons_msg/cons_msg.o
                0x00000000080080f0                CONSMSG_Tx_IT
 .text.CONSMSG_Puts
                0x0000000008008104       0x16 ./module/cons_msg/cons_msg.o
                0x0000000008008104                CONSMSG_Puts
 *fill*         0x000000000800811a        0x2 
 .text.CONSMSG_Printf
                0x000000000800811c       0x30 ./module/cons_msg/cons_msg.o
                0x000000000800811c                CONSMSG_Printf
 .text.CONSMSG_Process
                0x000000000800814c        0xc ./module/cons_msg/cons_msg.o
                0x000000000800814c                CONSMSG_Process
 .text.SUBMain_Initial
                0x0000000008008158       0x20 ./module/sub_main/sub_main.o
                0x0000000008008158                SUBMain_Initial
 .text.SUBMain_InitModule
                0x0000000008008178       0x8c ./module/sub_main/sub_main.o
                0x0000000008008178                SUBMain_InitModule
 .text.SUBMain_UARTRx_IT
                0x0000000008008204       0x28 ./module/sub_main/sub_main.o
                0x0000000008008204                SUBMain_UARTRx_IT
 .text.SUBMain_UARTTx_IT
                0x000000000800822c       0x28 ./module/sub_main/sub_main.o
                0x000000000800822c                SUBMain_UARTTx_IT
 .text.SUBMain_Process
                0x0000000008008254        0xc ./module/sub_main/sub_main.o
                0x0000000008008254                SUBMain_Process
 .text.__errno  0x0000000008008260        0xc c:/st/stm32cubeide_1.9.0/stm32cubeide/plugins/com.st.stm32cube.ide.mcu.externaltools.gnu-tools-for-stm32.10.3-2021.10.win32_1.0.0.202111181127/tools/bin/../lib/gcc/arm-none-eabi/10.3.1/../../../../arm-none-eabi/lib/thumb/v7e-m+dp/hard\libc_nano.a(lib_a-errno.o)
                0x0000000008008260                __errno
 .text.__libc_init_array
                0x000000000800826c       0x48 c:/st/stm32cubeide_1.9.0/stm32cubeide/plugins/com.st.stm32cube.ide.mcu.externaltools.gnu-tools-for-stm32.10.3-2021.10.win32_1.0.0.202111181127/tools/bin/../lib/gcc/arm-none-eabi/10.3.1/../../../../arm-none-eabi/lib/thumb/v7e-m+dp/hard\libc_nano.a(lib_a-init.o)
                0x000000000800826c                __libc_init_array
 .text.memset   0x00000000080082b4       0x10 c:/st/stm32cubeide_1.9.0/stm32cubeide/plugins/com.st.stm32cube.ide.mcu.externaltools.gnu-tools-for-stm32.10.3-2021.10.win32_1.0.0.202111181127/tools/bin/../lib/gcc/arm-none-eabi/10.3.1/../../../../arm-none-eabi/lib/thumb/v7e-m+dp/hard\libc_nano.a(lib_a-memset.o)
                0x00000000080082b4                memset
 .text.__strtok_r
                0x00000000080082c4       0x50 c:/st/stm32cubeide_1.9.0/stm32cubeide/plugins/com.st.stm32cube.ide.mcu.externaltools.gnu-tools-for-stm32.10.3-2021.10.win32_1.0.0.202111181127/tools/bin/../lib/gcc/arm-none-eabi/10.3.1/../../../../arm-none-eabi/lib/thumb/v7e-m+dp/hard\libc_nano.a(lib_a-strtok_r.o)
                0x00000000080082c4                __strtok_r
 .text.strtok_r
                0x0000000008008314        0x6 c:/st/stm32cubeide_1.9.0/stm32cubeide/plugins/com.st.stm32cube.ide.mcu.externaltools.gnu-tools-for-stm32.10.3-2021.10.win32_1.0.0.202111181127/tools/bin/../lib/gcc/arm-none-eabi/10.3.1/../../../../arm-none-eabi/lib/thumb/v7e-m+dp/hard\libc_nano.a(lib_a-strtok_r.o)
                0x0000000008008314                strtok_r
 *fill*         0x000000000800831a        0x2 
 .text._vsprintf_r
                0x000000000800831c       0x2c c:/st/stm32cubeide_1.9.0/stm32cubeide/plugins/com.st.stm32cube.ide.mcu.externaltools.gnu-tools-for-stm32.10.3-2021.10.win32_1.0.0.202111181127/tools/bin/../lib/gcc/arm-none-eabi/10.3.1/../../../../arm-none-eabi/lib/thumb/v7e-m+dp/hard\libc_nano.a(lib_a-vsprintf.o)
                0x000000000800831c                _vsprintf_r
                0x000000000800831c                _vsiprintf_r
 .text.vsprintf
                0x0000000008008348       0x14 c:/st/stm32cubeide_1.9.0/stm32cubeide/plugins/com.st.stm32cube.ide.mcu.externaltools.gnu-tools-for-stm32.10.3-2021.10.win32_1.0.0.202111181127/tools/bin/../lib/gcc/arm-none-eabi/10.3.1/../../../../arm-none-eabi/lib/thumb/v7e-m+dp/hard\libc_nano.a(lib_a-vsprintf.o)
                0x0000000008008348                vsiprintf
                0x0000000008008348                vsprintf
 .text.__ssputs_r
                0x000000000800835c       0xb6 c:/st/stm32cubeide_1.9.0/stm32cubeide/plugins/com.st.stm32cube.ide.mcu.externaltools.gnu-tools-for-stm32.10.3-2021.10.win32_1.0.0.202111181127/tools/bin/../lib/gcc/arm-none-eabi/10.3.1/../../../../arm-none-eabi/lib/thumb/v7e-m+dp/hard\libc_nano.a(lib_a-nano-svfprintf.o)
                0x000000000800835c                __ssputs_r
 *fill*         0x0000000008008412        0x2 
 .text._svfprintf_r
                0x0000000008008414      0x200 c:/st/stm32cubeide_1.9.0/stm32cubeide/plugins/com.st.stm32cube.ide.mcu.externaltools.gnu-tools-for-stm32.10.3-2021.10.win32_1.0.0.202111181127/tools/bin/../lib/gcc/arm-none-eabi/10.3.1/../../../../arm-none-eabi/lib/thumb/v7e-m+dp/hard\libc_nano.a(lib_a-nano-svfprintf.o)
                0x0000000008008414                _svfiprintf_r
                0x0000000008008414                _svfprintf_r
 .text._printf_common
                0x0000000008008614       0xda c:/st/stm32cubeide_1.9.0/stm32cubeide/plugins/com.st.stm32cube.ide.mcu.externaltools.gnu-tools-for-stm32.10.3-2021.10.win32_1.0.0.202111181127/tools/bin/../lib/gcc/arm-none-eabi/10.3.1/../../../../arm-none-eabi/lib/thumb/v7e-m+dp/hard\libc_nano.a(lib_a-nano-vfprintf_i.o)
                0x0000000008008614                _printf_common
 *fill*         0x00000000080086ee        0x2 
 .text._printf_i
                0x00000000080086f0      0x24c c:/st/stm32cubeide_1.9.0/stm32cubeide/plugins/com.st.stm32cube.ide.mcu.externaltools.gnu-tools-for-stm32.10.3-2021.10.win32_1.0.0.202111181127/tools/bin/../lib/gcc/arm-none-eabi/10.3.1/../../../../arm-none-eabi/lib/thumb/v7e-m+dp/hard\libc_nano.a(lib_a-nano-vfprintf_i.o)
                0x00000000080086f0                _printf_i
 .text.memcpy   0x000000000800893c       0x1c c:/st/stm32cubeide_1.9.0/stm32cubeide/plugins/com.st.stm32cube.ide.mcu.externaltools.gnu-tools-for-stm32.10.3-2021.10.win32_1.0.0.202111181127/tools/bin/../lib/gcc/arm-none-eabi/10.3.1/../../../../arm-none-eabi/lib/thumb/v7e-m+dp/hard\libc_nano.a(lib_a-memcpy-stub.o)
                0x000000000800893c                memcpy
 .text.memmove  0x0000000008008958       0x34 c:/st/stm32cubeide_1.9.0/stm32cubeide/plugins/com.st.stm32cube.ide.mcu.externaltools.gnu-tools-for-stm32.10.3-2021.10.win32_1.0.0.202111181127/tools/bin/../lib/gcc/arm-none-eabi/10.3.1/../../../../arm-none-eabi/lib/thumb/v7e-m+dp/hard\libc_nano.a(lib_a-memmove.o)
                0x0000000008008958                memmove
 .text._free_r  0x000000000800898c       0x98 c:/st/stm32cubeide_1.9.0/stm32cubeide/plugins/com.st.stm32cube.ide.mcu.externaltools.gnu-tools-for-stm32.10.3-2021.10.win32_1.0.0.202111181127/tools/bin/../lib/gcc/arm-none-eabi/10.3.1/../../../../arm-none-eabi/lib/thumb/v7e-m+dp/hard\libc_nano.a(lib_a-nano-freer.o)
                0x000000000800898c                _free_r
 .text.sbrk_aligned
                0x0000000008008a24       0x40 c:/st/stm32cubeide_1.9.0/stm32cubeide/plugins/com.st.stm32cube.ide.mcu.externaltools.gnu-tools-for-stm32.10.3-2021.10.win32_1.0.0.202111181127/tools/bin/../lib/gcc/arm-none-eabi/10.3.1/../../../../arm-none-eabi/lib/thumb/v7e-m+dp/hard\libc_nano.a(lib_a-nano-mallocr.o)
 .text._malloc_r
                0x0000000008008a64       0xe8 c:/st/stm32cubeide_1.9.0/stm32cubeide/plugins/com.st.stm32cube.ide.mcu.externaltools.gnu-tools-for-stm32.10.3-2021.10.win32_1.0.0.202111181127/tools/bin/../lib/gcc/arm-none-eabi/10.3.1/../../../../arm-none-eabi/lib/thumb/v7e-m+dp/hard\libc_nano.a(lib_a-nano-mallocr.o)
                0x0000000008008a64                _malloc_r
 .text._realloc_r
                0x0000000008008b4c       0x5e c:/st/stm32cubeide_1.9.0/stm32cubeide/plugins/com.st.stm32cube.ide.mcu.externaltools.gnu-tools-for-stm32.10.3-2021.10.win32_1.0.0.202111181127/tools/bin/../lib/gcc/arm-none-eabi/10.3.1/../../../../arm-none-eabi/lib/thumb/v7e-m+dp/hard\libc_nano.a(lib_a-nano-reallocr.o)
                0x0000000008008b4c                _realloc_r
 *fill*         0x0000000008008baa        0x2 
 .text._sbrk_r  0x0000000008008bac       0x20 c:/st/stm32cubeide_1.9.0/stm32cubeide/plugins/com.st.stm32cube.ide.mcu.externaltools.gnu-tools-for-stm32.10.3-2021.10.win32_1.0.0.202111181127/tools/bin/../lib/gcc/arm-none-eabi/10.3.1/../../../../arm-none-eabi/lib/thumb/v7e-m+dp/hard\libc_nano.a(lib_a-sbrkr.o)
                0x0000000008008bac                _sbrk_r
 .text.__malloc_lock
                0x0000000008008bcc        0xc c:/st/stm32cubeide_1.9.0/stm32cubeide/plugins/com.st.stm32cube.ide.mcu.externaltools.gnu-tools-for-stm32.10.3-2021.10.win32_1.0.0.202111181127/tools/bin/../lib/gcc/arm-none-eabi/10.3.1/../../../../arm-none-eabi/lib/thumb/v7e-m+dp/hard\libc_nano.a(lib_a-mlock.o)
                0x0000000008008bcc                __malloc_lock
 .text.__malloc_unlock
                0x0000000008008bd8        0xc c:/st/stm32cubeide_1.9.0/stm32cubeide/plugins/com.st.stm32cube.ide.mcu.externaltools.gnu-tools-for-stm32.10.3-2021.10.win32_1.0.0.202111181127/tools/bin/../lib/gcc/arm-none-eabi/10.3.1/../../../../arm-none-eabi/lib/thumb/v7e-m+dp/hard\libc_nano.a(lib_a-mlock.o)
                0x0000000008008bd8                __malloc_unlock
 .text._malloc_usable_size_r
                0x0000000008008be4       0x10 c:/st/stm32cubeide_1.9.0/stm32cubeide/plugins/com.st.stm32cube.ide.mcu.externaltools.gnu-tools-for-stm32.10.3-2021.10.win32_1.0.0.202111181127/tools/bin/../lib/gcc/arm-none-eabi/10.3.1/../../../../arm-none-eabi/lib/thumb/v7e-m+dp/hard\libc_nano.a(lib_a-nano-msizer.o)
                0x0000000008008be4                _malloc_usable_size_r
 .text.__retarget_lock_acquire_recursive
                0x0000000008008bf4        0x2 c:/st/stm32cubeide_1.9.0/stm32cubeide/plugins/com.st.stm32cube.ide.mcu.externaltools.gnu-tools-for-stm32.10.3-2021.10.win32_1.0.0.202111181127/tools/bin/../lib/gcc/arm-none-eabi/10.3.1/../../../../arm-none-eabi/lib/thumb/v7e-m+dp/hard\libc_nano.a(lib_a-lock.o)
                0x0000000008008bf4                __retarget_lock_acquire_recursive
 .text.__retarget_lock_release_recursive
                0x0000000008008bf6        0x2 c:/st/stm32cubeide_1.9.0/stm32cubeide/plugins/com.st.stm32cube.ide.mcu.externaltools.gnu-tools-for-stm32.10.3-2021.10.win32_1.0.0.202111181127/tools/bin/../lib/gcc/arm-none-eabi/10.3.1/../../../../arm-none-eabi/lib/thumb/v7e-m+dp/hard\libc_nano.a(lib_a-lock.o)
                0x0000000008008bf6                __retarget_lock_release_recursive
 *(.glue_7)
 .glue_7        0x0000000008008bf8        0x0 linker stubs
 *(.glue_7t)
 .glue_7t       0x0000000008008bf8        0x0 linker stubs
 *(.eh_frame)
 .eh_frame      0x0000000008008bf8        0x0 c:/st/stm32cubeide_1.9.0/stm32cubeide/plugins/com.st.stm32cube.ide.mcu.externaltools.gnu-tools-for-stm32.10.3-2021.10.win32_1.0.0.202111181127/tools/bin/../lib/gcc/arm-none-eabi/10.3.1/thumb/v7e-m+dp/hard/crtbegin.o
 *(.init)
 .init          0x0000000008008bf8        0x4 c:/st/stm32cubeide_1.9.0/stm32cubeide/plugins/com.st.stm32cube.ide.mcu.externaltools.gnu-tools-for-stm32.10.3-2021.10.win32_1.0.0.202111181127/tools/bin/../lib/gcc/arm-none-eabi/10.3.1/thumb/v7e-m+dp/hard/crti.o
                0x0000000008008bf8                _init
 .init          0x0000000008008bfc        0x8 c:/st/stm32cubeide_1.9.0/stm32cubeide/plugins/com.st.stm32cube.ide.mcu.externaltools.gnu-tools-for-stm32.10.3-2021.10.win32_1.0.0.202111181127/tools/bin/../lib/gcc/arm-none-eabi/10.3.1/thumb/v7e-m+dp/hard/crtn.o
 *(.fini)
 .fini          0x0000000008008c04        0x4 c:/st/stm32cubeide_1.9.0/stm32cubeide/plugins/com.st.stm32cube.ide.mcu.externaltools.gnu-tools-for-stm32.10.3-2021.10.win32_1.0.0.202111181127/tools/bin/../lib/gcc/arm-none-eabi/10.3.1/thumb/v7e-m+dp/hard/crti.o
                0x0000000008008c04                _fini
 .fini          0x0000000008008c08        0x8 c:/st/stm32cubeide_1.9.0/stm32cubeide/plugins/com.st.stm32cube.ide.mcu.externaltools.gnu-tools-for-stm32.10.3-2021.10.win32_1.0.0.202111181127/tools/bin/../lib/gcc/arm-none-eabi/10.3.1/thumb/v7e-m+dp/hard/crtn.o
                0x0000000008008c10                . = ALIGN (0x4)
                0x0000000008008c10                _etext = .

.vfp11_veneer   0x0000000008008c10        0x0
 .vfp11_veneer  0x0000000008008c10        0x0 linker stubs

.v4_bx          0x0000000008008c10        0x0
 .v4_bx         0x0000000008008c10        0x0 linker stubs

.iplt           0x0000000008008c10        0x0
 .iplt          0x0000000008008c10        0x0 c:/st/stm32cubeide_1.9.0/stm32cubeide/plugins/com.st.stm32cube.ide.mcu.externaltools.gnu-tools-for-stm32.10.3-2021.10.win32_1.0.0.202111181127/tools/bin/../lib/gcc/arm-none-eabi/10.3.1/thumb/v7e-m+dp/hard/crtbegin.o

.rodata         0x0000000008008c10      0x2a8
                0x0000000008008c10                . = ALIGN (0x4)
 *(.rodata)
 .rodata        0x0000000008008c10      0x133 ./module/cons_msg/cons_msg.o
 *fill*         0x0000000008008d43        0x1 
 .rodata        0x0000000008008d44      0x101 ./module/sub_main/sub_main.o
 *(.rodata*)
 *fill*         0x0000000008008e45        0x3 
 .rodata.D1CorePrescTable
                0x0000000008008e48       0x10 ./Core/Src/system_stm32h7xx.o
                0x0000000008008e48                D1CorePrescTable
 .rodata.UARTPrescTable
                0x0000000008008e58       0x18 ./Drivers/STM32H7xx_HAL_Driver/Src/stm32h7xx_hal_uart.o
                0x0000000008008e58                UARTPrescTable
 .rodata.numerator.1
                0x0000000008008e70        0x8 ./Drivers/STM32H7xx_HAL_Driver/Src/stm32h7xx_hal_uart_ex.o
 .rodata.denominator.0
                0x0000000008008e78        0x8 ./Drivers/STM32H7xx_HAL_Driver/Src/stm32h7xx_hal_uart_ex.o
 .rodata.g_fw_ver
                0x0000000008008e80        0x2 ./module/sub_main/sub_main.o
                0x0000000008008e80                g_fw_ver
 .rodata._svfprintf_r.str1.1
                0x0000000008008e82       0x11 c:/st/stm32cubeide_1.9.0/stm32cubeide/plugins/com.st.stm32cube.ide.mcu.externaltools.gnu-tools-for-stm32.10.3-2021.10.win32_1.0.0.202111181127/tools/bin/../lib/gcc/arm-none-eabi/10.3.1/../../../../arm-none-eabi/lib/thumb/v7e-m+dp/hard\libc_nano.a(lib_a-nano-svfprintf.o)
 .rodata._printf_i.str1.1
                0x0000000008008e93       0x22 c:/st/stm32cubeide_1.9.0/stm32cubeide/plugins/com.st.stm32cube.ide.mcu.externaltools.gnu-tools-for-stm32.10.3-2021.10.win32_1.0.0.202111181127/tools/bin/../lib/gcc/arm-none-eabi/10.3.1/../../../../arm-none-eabi/lib/thumb/v7e-m+dp/hard\libc_nano.a(lib_a-nano-vfprintf_i.o)
                0x0000000008008eb8                . = ALIGN (0x4)
 *fill*         0x0000000008008eb5        0x3 

.ARM.extab
 *(.ARM.extab* .gnu.linkonce.armextab.*)

.ARM            0x0000000008008eb8        0x8
                0x0000000008008eb8                __exidx_start = .
 *(.ARM.exidx*)
 .ARM.exidx     0x0000000008008eb8        0x8 c:/st/stm32cubeide_1.9.0/stm32cubeide/plugins/com.st.stm32cube.ide.mcu.externaltools.gnu-tools-for-stm32.10.3-2021.10.win32_1.0.0.202111181127/tools/bin/../lib/gcc/arm-none-eabi/10.3.1/thumb/v7e-m+dp/hard\libgcc.a(_udivmoddi4.o)
                0x0000000008008ec0                __exidx_end = .

.rel.dyn        0x0000000008008ec0        0x0
 .rel.iplt      0x0000000008008ec0        0x0 c:/st/stm32cubeide_1.9.0/stm32cubeide/plugins/com.st.stm32cube.ide.mcu.externaltools.gnu-tools-for-stm32.10.3-2021.10.win32_1.0.0.202111181127/tools/bin/../lib/gcc/arm-none-eabi/10.3.1/thumb/v7e-m+dp/hard/crtbegin.o

.preinit_array  0x0000000008008ec0        0x0
                0x0000000008008ec0                PROVIDE (__preinit_array_start = .)
 *(.preinit_array*)
                0x0000000008008ec0                PROVIDE (__preinit_array_end = .)

.init_array     0x0000000008008ec0        0x4
                0x0000000008008ec0                PROVIDE (__init_array_start = .)
 *(SORT_BY_NAME(.init_array.*))
 *(.init_array*)
 .init_array    0x0000000008008ec0        0x4 c:/st/stm32cubeide_1.9.0/stm32cubeide/plugins/com.st.stm32cube.ide.mcu.externaltools.gnu-tools-for-stm32.10.3-2021.10.win32_1.0.0.202111181127/tools/bin/../lib/gcc/arm-none-eabi/10.3.1/thumb/v7e-m+dp/hard/crtbegin.o
                0x0000000008008ec4                PROVIDE (__init_array_end = .)

.fini_array     0x0000000008008ec4        0x4
                [!provide]                        PROVIDE (__fini_array_start = .)
 *(SORT_BY_NAME(.fini_array.*))
 *(.fini_array*)
 .fini_array    0x0000000008008ec4        0x4 c:/st/stm32cubeide_1.9.0/stm32cubeide/plugins/com.st.stm32cube.ide.mcu.externaltools.gnu-tools-for-stm32.10.3-2021.10.win32_1.0.0.202111181127/tools/bin/../lib/gcc/arm-none-eabi/10.3.1/thumb/v7e-m+dp/hard/crtbegin.o
                [!provide]                        PROVIDE (__fini_array_end = .)
                0x0000000008008ec8                _sidata = LOADADDR (.data)

.data           0x0000000024000000       0x7c load address 0x0000000008008ec8
                0x0000000024000000                . = ALIGN (0x4)
                0x0000000024000000                _sdata = .
 *(.data)
 *(.data*)
 .data.SystemCoreClock
                0x0000000024000000        0x4 ./Core/Src/system_stm32h7xx.o
                0x0000000024000000                SystemCoreClock
 .data.SystemD2Clock
                0x0000000024000004        0x4 ./Core/Src/system_stm32h7xx.o
                0x0000000024000004                SystemD2Clock
 .data.uwTickPrio
                0x0000000024000008        0x4 ./Drivers/STM32H7xx_HAL_Driver/Src/stm32h7xx_hal.o
                0x0000000024000008                uwTickPrio
 .data.uwTickFreq
                0x000000002400000c        0x1 ./Drivers/STM32H7xx_HAL_Driver/Src/stm32h7xx_hal.o
                0x000000002400000c                uwTickFreq
 *fill*         0x000000002400000d        0x3 
 .data.g_build_date
                0x0000000024000010        0x4 ./module/sub_main/sub_main.o
                0x0000000024000010                g_build_date
 .data.g_build_time
                0x0000000024000014        0x4 ./module/sub_main/sub_main.o
                0x0000000024000014                g_build_time
 .data._impure_ptr
                0x0000000024000018        0x4 c:/st/stm32cubeide_1.9.0/stm32cubeide/plugins/com.st.stm32cube.ide.mcu.externaltools.gnu-tools-for-stm32.10.3-2021.10.win32_1.0.0.202111181127/tools/bin/../lib/gcc/arm-none-eabi/10.3.1/../../../../arm-none-eabi/lib/thumb/v7e-m+dp/hard\libc_nano.a(lib_a-impure.o)
                0x0000000024000018                _impure_ptr
 .data.impure_data
                0x000000002400001c       0x60 c:/st/stm32cubeide_1.9.0/stm32cubeide/plugins/com.st.stm32cube.ide.mcu.externaltools.gnu-tools-for-stm32.10.3-2021.10.win32_1.0.0.202111181127/tools/bin/../lib/gcc/arm-none-eabi/10.3.1/../../../../arm-none-eabi/lib/thumb/v7e-m+dp/hard\libc_nano.a(lib_a-impure.o)
 *(.RamFunc)
 *(.RamFunc*)
                0x000000002400007c                . = ALIGN (0x4)
                0x000000002400007c                _edata = .

.igot.plt       0x000000002400007c        0x0 load address 0x0000000008008f44
 .igot.plt      0x000000002400007c        0x0 c:/st/stm32cubeide_1.9.0/stm32cubeide/plugins/com.st.stm32cube.ide.mcu.externaltools.gnu-tools-for-stm32.10.3-2021.10.win32_1.0.0.202111181127/tools/bin/../lib/gcc/arm-none-eabi/10.3.1/thumb/v7e-m+dp/hard/crtbegin.o
                0x000000002400007c                . = ALIGN (0x4)

.bss            0x000000002400007c      0x858 load address 0x0000000008008f44
                0x000000002400007c                _sbss = .
                0x000000002400007c                __bss_start__ = _sbss
 *(.bss)
 .bss           0x000000002400007c       0x1c c:/st/stm32cubeide_1.9.0/stm32cubeide/plugins/com.st.stm32cube.ide.mcu.externaltools.gnu-tools-for-stm32.10.3-2021.10.win32_1.0.0.202111181127/tools/bin/../lib/gcc/arm-none-eabi/10.3.1/thumb/v7e-m+dp/hard/crtbegin.o
 *(.bss*)
 .bss.hi2c1     0x0000000024000098       0x4c ./Core/Src/main.o
                0x0000000024000098                hi2c1
 .bss.hi2c2     0x00000000240000e4       0x4c ./Core/Src/main.o
                0x00000000240000e4                hi2c2
 .bss.hi2c3     0x0000000024000130       0x4c ./Core/Src/main.o
                0x0000000024000130                hi2c3
 .bss.hi2c4     0x000000002400017c       0x4c ./Core/Src/main.o
                0x000000002400017c                hi2c4
 .bss.hspi1     0x00000000240001c8       0x88 ./Core/Src/main.o
                0x00000000240001c8                hspi1
 .bss.hspi2     0x0000000024000250       0x88 ./Core/Src/main.o
                0x0000000024000250                hspi2
 .bss.hspi4     0x00000000240002d8       0x88 ./Core/Src/main.o
                0x00000000240002d8                hspi4
 .bss.hspi5     0x0000000024000360       0x88 ./Core/Src/main.o
                0x0000000024000360                hspi5
 .bss.huart2    0x00000000240003e8       0x90 ./Core/Src/main.o
                0x00000000240003e8                huart2
 .bss.__sbrk_heap_end
                0x0000000024000478        0x4 ./Core/Src/sysmem.o
 .bss.uwTick    0x000000002400047c        0x4 ./Drivers/STM32H7xx_HAL_Driver/Src/stm32h7xx_hal.o
                0x000000002400047c                uwTick
 .bss.g_cons_rx_buf
                0x0000000024000480      0x100 ./module/cons_msg/cons_msg.o
 .bss.g_cons_rx_wr
                0x0000000024000580        0x2 ./module/cons_msg/cons_msg.o
 .bss.g_f_cons_rx
                0x0000000024000582        0x1 ./module/cons_msg/cons_msg.o
 *fill*         0x0000000024000583        0x1 
 .bss.g_cons_tx_buf
                0x0000000024000584      0x100 ./module/cons_msg/cons_msg.o
 .bss.g_cons_tx_wr
                0x0000000024000684        0x2 ./module/cons_msg/cons_msg.o
 .bss.g_cons_tx_rd
                0x0000000024000686        0x2 ./module/cons_msg/cons_msg.o
 .bss.g_cmd_buf
                0x0000000024000688      0x100 ./module/cons_msg/cons_msg.o
 .bss.g_f_cmd_cmpt
                0x0000000024000788        0x1 ./module/cons_msg/cons_msg.o
 *fill*         0x0000000024000789        0x3 
 .bss.g_msg_buf
                0x000000002400078c      0x100 ./module/cons_msg/cons_msg.o
 .bss.g_p_cons_ctrl
                0x000000002400088c        0x4 ./module/cons_msg/cons_msg.o
                0x000000002400088c                g_p_cons_ctrl
 .bss.g_cons_recv
                0x0000000024000890        0x1 ./module/cons_msg/cons_msg.o
                0x0000000024000890                g_cons_recv
 *fill*         0x0000000024000891        0x3 
 .bss.cmd.2     0x0000000024000894        0x4 ./module/cons_msg/cons_msg.o
 .bss.tok.1     0x0000000024000898        0x4 ./module/cons_msg/cons_msg.o
 .bss.proc_seq.0
                0x000000002400089c        0x1 ./module/cons_msg/cons_msg.o
 *fill*         0x000000002400089d        0x3 
 .bss.g_p_hi2c1
                0x00000000240008a0        0x4 ./module/sub_main/sub_main.o
                0x00000000240008a0                g_p_hi2c1
 .bss.g_p_hi2c2
                0x00000000240008a4        0x4 ./module/sub_main/sub_main.o
                0x00000000240008a4                g_p_hi2c2
 .bss.g_p_hi2c3
                0x00000000240008a8        0x4 ./module/sub_main/sub_main.o
                0x00000000240008a8                g_p_hi2c3
 .bss.g_p_hi2c4
                0x00000000240008ac        0x4 ./module/sub_main/sub_main.o
                0x00000000240008ac                g_p_hi2c4
 .bss.g_p_hspi1
                0x00000000240008b0        0x4 ./module/sub_main/sub_main.o
                0x00000000240008b0                g_p_hspi1
 .bss.g_p_hspi2
                0x00000000240008b4        0x4 ./module/sub_main/sub_main.o
                0x00000000240008b4                g_p_hspi2
 .bss.g_p_hspi3
                0x00000000240008b8        0x4 ./module/sub_main/sub_main.o
                0x00000000240008b8                g_p_hspi3
 .bss.g_p_hspi4
                0x00000000240008bc        0x4 ./module/sub_main/sub_main.o
                0x00000000240008bc                g_p_hspi4
 .bss.g_p_huart2
                0x00000000240008c0        0x4 ./module/sub_main/sub_main.o
                0x00000000240008c0                g_p_huart2
 .bss.__malloc_free_list
                0x00000000240008c4        0x4 c:/st/stm32cubeide_1.9.0/stm32cubeide/plugins/com.st.stm32cube.ide.mcu.externaltools.gnu-tools-for-stm32.10.3-2021.10.win32_1.0.0.202111181127/tools/bin/../lib/gcc/arm-none-eabi/10.3.1/../../../../arm-none-eabi/lib/thumb/v7e-m+dp/hard\libc_nano.a(lib_a-nano-mallocr.o)
                0x00000000240008c4                __malloc_free_list
 .bss.__malloc_sbrk_start
                0x00000000240008c8        0x4 c:/st/stm32cubeide_1.9.0/stm32cubeide/plugins/com.st.stm32cube.ide.mcu.externaltools.gnu-tools-for-stm32.10.3-2021.10.win32_1.0.0.202111181127/tools/bin/../lib/gcc/arm-none-eabi/10.3.1/../../../../arm-none-eabi/lib/thumb/v7e-m+dp/hard\libc_nano.a(lib_a-nano-mallocr.o)
                0x00000000240008c8                __malloc_sbrk_start
 .bss.errno     0x00000000240008cc        0x4 c:/st/stm32cubeide_1.9.0/stm32cubeide/plugins/com.st.stm32cube.ide.mcu.externaltools.gnu-tools-for-stm32.10.3-2021.10.win32_1.0.0.202111181127/tools/bin/../lib/gcc/arm-none-eabi/10.3.1/../../../../arm-none-eabi/lib/thumb/v7e-m+dp/hard\libc_nano.a(lib_a-reent.o)
                0x00000000240008cc                errno
 .bss.__lock___malloc_recursive_mutex
                0x00000000240008d0        0x1 c:/st/stm32cubeide_1.9.0/stm32cubeide/plugins/com.st.stm32cube.ide.mcu.externaltools.gnu-tools-for-stm32.10.3-2021.10.win32_1.0.0.202111181127/tools/bin/../lib/gcc/arm-none-eabi/10.3.1/../../../../arm-none-eabi/lib/thumb/v7e-m+dp/hard\libc_nano.a(lib_a-lock.o)
                0x00000000240008d0                __lock___malloc_recursive_mutex
 *(COMMON)
                0x00000000240008d4                . = ALIGN (0x4)
 *fill*         0x00000000240008d1        0x3 
                0x00000000240008d4                _ebss = .
                0x00000000240008d4                __bss_end__ = _ebss

._user_heap_stack
                0x00000000240008d4      0x604 load address 0x0000000008008f44
                0x00000000240008d8                . = ALIGN (0x8)
 *fill*         0x00000000240008d4        0x4 
                [!provide]                        PROVIDE (end = .)
                0x00000000240008d8                PROVIDE (_end = .)
                0x0000000024000ad8                . = (. + _Min_Heap_Size)
 *fill*         0x00000000240008d8      0x200 
                0x0000000024000ed8                . = (. + _Min_Stack_Size)
 *fill*         0x0000000024000ad8      0x400 
                0x0000000024000ed8                . = ALIGN (0x8)

/DISCARD/
 libc.a(*)
 libm.a(*)
 libgcc.a(*)

.ARM.attributes
                0x0000000000000000       0x2e
 *(.ARM.attributes)
 .ARM.attributes
                0x0000000000000000       0x1e c:/st/stm32cubeide_1.9.0/stm32cubeide/plugins/com.st.stm32cube.ide.mcu.externaltools.gnu-tools-for-stm32.10.3-2021.10.win32_1.0.0.202111181127/tools/bin/../lib/gcc/arm-none-eabi/10.3.1/thumb/v7e-m+dp/hard/crti.o
 .ARM.attributes
                0x000000000000001e       0x32 c:/st/stm32cubeide_1.9.0/stm32cubeide/plugins/com.st.stm32cube.ide.mcu.externaltools.gnu-tools-for-stm32.10.3-2021.10.win32_1.0.0.202111181127/tools/bin/../lib/gcc/arm-none-eabi/10.3.1/thumb/v7e-m+dp/hard/crtbegin.o
 .ARM.attributes
                0x0000000000000050       0x32 ./Core/Src/main.o
 .ARM.attributes
                0x0000000000000082       0x32 ./Core/Src/stm32h7xx_hal_msp.o
 .ARM.attributes
                0x00000000000000b4       0x32 ./Core/Src/stm32h7xx_it.o
 .ARM.attributes
                0x00000000000000e6       0x32 ./Core/Src/sysmem.o
 .ARM.attributes
                0x0000000000000118       0x32 ./Core/Src/system_stm32h7xx.o
 .ARM.attributes
                0x000000000000014a       0x21 ./Core/Startup/startup_stm32h750ibkx.o
 .ARM.attributes
                0x000000000000016b       0x32 ./Drivers/STM32H7xx_HAL_Driver/Src/stm32h7xx_hal.o
 .ARM.attributes
                0x000000000000019d       0x32 ./Drivers/STM32H7xx_HAL_Driver/Src/stm32h7xx_hal_cortex.o
 .ARM.attributes
                0x00000000000001cf       0x32 ./Drivers/STM32H7xx_HAL_Driver/Src/stm32h7xx_hal_dma.o
 .ARM.attributes
                0x0000000000000201       0x32 ./Drivers/STM32H7xx_HAL_Driver/Src/stm32h7xx_hal_gpio.o
 .ARM.attributes
                0x0000000000000233       0x32 ./Drivers/STM32H7xx_HAL_Driver/Src/stm32h7xx_hal_i2c.o
 .ARM.attributes
                0x0000000000000265       0x32 ./Drivers/STM32H7xx_HAL_Driver/Src/stm32h7xx_hal_i2c_ex.o
 .ARM.attributes
                0x0000000000000297       0x32 ./Drivers/STM32H7xx_HAL_Driver/Src/stm32h7xx_hal_pwr_ex.o
 .ARM.attributes
                0x00000000000002c9       0x32 ./Drivers/STM32H7xx_HAL_Driver/Src/stm32h7xx_hal_rcc.o
 .ARM.attributes
                0x00000000000002fb       0x32 ./Drivers/STM32H7xx_HAL_Driver/Src/stm32h7xx_hal_rcc_ex.o
 .ARM.attributes
                0x000000000000032d       0x32 ./Drivers/STM32H7xx_HAL_Driver/Src/stm32h7xx_hal_spi.o
 .ARM.attributes
                0x000000000000035f       0x32 ./Drivers/STM32H7xx_HAL_Driver/Src/stm32h7xx_hal_uart.o
 .ARM.attributes
                0x0000000000000391       0x32 ./Drivers/STM32H7xx_HAL_Driver/Src/stm32h7xx_hal_uart_ex.o
 .ARM.attributes
                0x00000000000003c3       0x32 ./module/cons_msg/cons_msg.o
 .ARM.attributes
                0x00000000000003f5       0x32 ./module/sub_main/sub_main.o
 .ARM.attributes
                0x0000000000000427       0x32 c:/st/stm32cubeide_1.9.0/stm32cubeide/plugins/com.st.stm32cube.ide.mcu.externaltools.gnu-tools-for-stm32.10.3-2021.10.win32_1.0.0.202111181127/tools/bin/../lib/gcc/arm-none-eabi/10.3.1/../../../../arm-none-eabi/lib/thumb/v7e-m+dp/hard\libc_nano.a(lib_a-errno.o)
 .ARM.attributes
                0x0000000000000459       0x32 c:/st/stm32cubeide_1.9.0/stm32cubeide/plugins/com.st.stm32cube.ide.mcu.externaltools.gnu-tools-for-stm32.10.3-2021.10.win32_1.0.0.202111181127/tools/bin/../lib/gcc/arm-none-eabi/10.3.1/../../../../arm-none-eabi/lib/thumb/v7e-m+dp/hard\libc_nano.a(lib_a-impure.o)
 .ARM.attributes
                0x000000000000048b       0x32 c:/st/stm32cubeide_1.9.0/stm32cubeide/plugins/com.st.stm32cube.ide.mcu.externaltools.gnu-tools-for-stm32.10.3-2021.10.win32_1.0.0.202111181127/tools/bin/../lib/gcc/arm-none-eabi/10.3.1/../../../../arm-none-eabi/lib/thumb/v7e-m+dp/hard\libc_nano.a(lib_a-init.o)
 .ARM.attributes
                0x00000000000004bd       0x32 c:/st/stm32cubeide_1.9.0/stm32cubeide/plugins/com.st.stm32cube.ide.mcu.externaltools.gnu-tools-for-stm32.10.3-2021.10.win32_1.0.0.202111181127/tools/bin/../lib/gcc/arm-none-eabi/10.3.1/../../../../arm-none-eabi/lib/thumb/v7e-m+dp/hard\libc_nano.a(lib_a-memset.o)
 .ARM.attributes
                0x00000000000004ef       0x1c c:/st/stm32cubeide_1.9.0/stm32cubeide/plugins/com.st.stm32cube.ide.mcu.externaltools.gnu-tools-for-stm32.10.3-2021.10.win32_1.0.0.202111181127/tools/bin/../lib/gcc/arm-none-eabi/10.3.1/../../../../arm-none-eabi/lib/thumb/v7e-m+dp/hard\libc_nano.a(lib_a-strcmp.o)
 .ARM.attributes
                0x000000000000050b       0x17 c:/st/stm32cubeide_1.9.0/stm32cubeide/plugins/com.st.stm32cube.ide.mcu.externaltools.gnu-tools-for-stm32.10.3-2021.10.win32_1.0.0.202111181127/tools/bin/../lib/gcc/arm-none-eabi/10.3.1/../../../../arm-none-eabi/lib/thumb/v7e-m+dp/hard\libc_nano.a(lib_a-strlen.o)
 .ARM.attributes
                0x0000000000000522       0x32 c:/st/stm32cubeide_1.9.0/stm32cubeide/plugins/com.st.stm32cube.ide.mcu.externaltools.gnu-tools-for-stm32.10.3-2021.10.win32_1.0.0.202111181127/tools/bin/../lib/gcc/arm-none-eabi/10.3.1/../../../../arm-none-eabi/lib/thumb/v7e-m+dp/hard\libc_nano.a(lib_a-strtok_r.o)
 .ARM.attributes
                0x0000000000000554       0x32 c:/st/stm32cubeide_1.9.0/stm32cubeide/plugins/com.st.stm32cube.ide.mcu.externaltools.gnu-tools-for-stm32.10.3-2021.10.win32_1.0.0.202111181127/tools/bin/../lib/gcc/arm-none-eabi/10.3.1/../../../../arm-none-eabi/lib/thumb/v7e-m+dp/hard\libc_nano.a(lib_a-vsprintf.o)
 .ARM.attributes
                0x0000000000000586       0x32 c:/st/stm32cubeide_1.9.0/stm32cubeide/plugins/com.st.stm32cube.ide.mcu.externaltools.gnu-tools-for-stm32.10.3-2021.10.win32_1.0.0.202111181127/tools/bin/../lib/gcc/arm-none-eabi/10.3.1/../../../../arm-none-eabi/lib/thumb/v7e-m+dp/hard\libc_nano.a(lib_a-nano-svfprintf.o)
 .ARM.attributes
                0x00000000000005b8       0x32 c:/st/stm32cubeide_1.9.0/stm32cubeide/plugins/com.st.stm32cube.ide.mcu.externaltools.gnu-tools-for-stm32.10.3-2021.10.win32_1.0.0.202111181127/tools/bin/../lib/gcc/arm-none-eabi/10.3.1/../../../../arm-none-eabi/lib/thumb/v7e-m+dp/hard\libc_nano.a(lib_a-nano-vfprintf_i.o)
 .ARM.attributes
                0x00000000000005ea       0x1c c:/st/stm32cubeide_1.9.0/stm32cubeide/plugins/com.st.stm32cube.ide.mcu.externaltools.gnu-tools-for-stm32.10.3-2021.10.win32_1.0.0.202111181127/tools/bin/../lib/gcc/arm-none-eabi/10.3.1/../../../../arm-none-eabi/lib/thumb/v7e-m+dp/hard\libc_nano.a(lib_a-memchr.o)
 .ARM.attributes
                0x0000000000000606       0x32 c:/st/stm32cubeide_1.9.0/stm32cubeide/plugins/com.st.stm32cube.ide.mcu.externaltools.gnu-tools-for-stm32.10.3-2021.10.win32_1.0.0.202111181127/tools/bin/../lib/gcc/arm-none-eabi/10.3.1/../../../../arm-none-eabi/lib/thumb/v7e-m+dp/hard\libc_nano.a(lib_a-memcpy-stub.o)
 .ARM.attributes
                0x0000000000000638       0x32 c:/st/stm32cubeide_1.9.0/stm32cubeide/plugins/com.st.stm32cube.ide.mcu.externaltools.gnu-tools-for-stm32.10.3-2021.10.win32_1.0.0.202111181127/tools/bin/../lib/gcc/arm-none-eabi/10.3.1/../../../../arm-none-eabi/lib/thumb/v7e-m+dp/hard\libc_nano.a(lib_a-memmove.o)
 .ARM.attributes
                0x000000000000066a       0x32 c:/st/stm32cubeide_1.9.0/stm32cubeide/plugins/com.st.stm32cube.ide.mcu.externaltools.gnu-tools-for-stm32.10.3-2021.10.win32_1.0.0.202111181127/tools/bin/../lib/gcc/arm-none-eabi/10.3.1/../../../../arm-none-eabi/lib/thumb/v7e-m+dp/hard\libc_nano.a(lib_a-nano-freer.o)
 .ARM.attributes
                0x000000000000069c       0x32 c:/st/stm32cubeide_1.9.0/stm32cubeide/plugins/com.st.stm32cube.ide.mcu.externaltools.gnu-tools-for-stm32.10.3-2021.10.win32_1.0.0.202111181127/tools/bin/../lib/gcc/arm-none-eabi/10.3.1/../../../../arm-none-eabi/lib/thumb/v7e-m+dp/hard\libc_nano.a(lib_a-nano-mallocr.o)
 .ARM.attributes
                0x00000000000006ce       0x32 c:/st/stm32cubeide_1.9.0/stm32cubeide/plugins/com.st.stm32cube.ide.mcu.externaltools.gnu-tools-for-stm32.10.3-2021.10.win32_1.0.0.202111181127/tools/bin/../lib/gcc/arm-none-eabi/10.3.1/../../../../arm-none-eabi/lib/thumb/v7e-m+dp/hard\libc_nano.a(lib_a-nano-reallocr.o)
 .ARM.attributes
                0x0000000000000700       0x32 c:/st/stm32cubeide_1.9.0/stm32cubeide/plugins/com.st.stm32cube.ide.mcu.externaltools.gnu-tools-for-stm32.10.3-2021.10.win32_1.0.0.202111181127/tools/bin/../lib/gcc/arm-none-eabi/10.3.1/../../../../arm-none-eabi/lib/thumb/v7e-m+dp/hard\libc_nano.a(lib_a-sbrkr.o)
 .ARM.attributes
                0x0000000000000732       0x32 c:/st/stm32cubeide_1.9.0/stm32cubeide/plugins/com.st.stm32cube.ide.mcu.externaltools.gnu-tools-for-stm32.10.3-2021.10.win32_1.0.0.202111181127/tools/bin/../lib/gcc/arm-none-eabi/10.3.1/../../../../arm-none-eabi/lib/thumb/v7e-m+dp/hard\libc_nano.a(lib_a-mlock.o)
 .ARM.attributes
                0x0000000000000764       0x32 c:/st/stm32cubeide_1.9.0/stm32cubeide/plugins/com.st.stm32cube.ide.mcu.externaltools.gnu-tools-for-stm32.10.3-2021.10.win32_1.0.0.202111181127/tools/bin/../lib/gcc/arm-none-eabi/10.3.1/../../../../arm-none-eabi/lib/thumb/v7e-m+dp/hard\libc_nano.a(lib_a-nano-msizer.o)
 .ARM.attributes
                0x0000000000000796       0x32 c:/st/stm32cubeide_1.9.0/stm32cubeide/plugins/com.st.stm32cube.ide.mcu.externaltools.gnu-tools-for-stm32.10.3-2021.10.win32_1.0.0.202111181127/tools/bin/../lib/gcc/arm-none-eabi/10.3.1/../../../../arm-none-eabi/lib/thumb/v7e-m+dp/hard\libc_nano.a(lib_a-reent.o)
 .ARM.attributes
                0x00000000000007c8       0x32 c:/st/stm32cubeide_1.9.0/stm32cubeide/plugins/com.st.stm32cube.ide.mcu.externaltools.gnu-tools-for-stm32.10.3-2021.10.win32_1.0.0.202111181127/tools/bin/../lib/gcc/arm-none-eabi/10.3.1/../../../../arm-none-eabi/lib/thumb/v7e-m+dp/hard\libc_nano.a(lib_a-lock.o)
 .ARM.attributes
                0x00000000000007fa       0x1e c:/st/stm32cubeide_1.9.0/stm32cubeide/plugins/com.st.stm32cube.ide.mcu.externaltools.gnu-tools-for-stm32.10.3-2021.10.win32_1.0.0.202111181127/tools/bin/../lib/gcc/arm-none-eabi/10.3.1/thumb/v7e-m+dp/hard\libgcc.a(_aeabi_uldivmod.o)
 .ARM.attributes
                0x0000000000000818       0x32 c:/st/stm32cubeide_1.9.0/stm32cubeide/plugins/com.st.stm32cube.ide.mcu.externaltools.gnu-tools-for-stm32.10.3-2021.10.win32_1.0.0.202111181127/tools/bin/../lib/gcc/arm-none-eabi/10.3.1/thumb/v7e-m+dp/hard\libgcc.a(_udivmoddi4.o)
 .ARM.attributes
                0x000000000000084a       0x1e c:/st/stm32cubeide_1.9.0/stm32cubeide/plugins/com.st.stm32cube.ide.mcu.externaltools.gnu-tools-for-stm32.10.3-2021.10.win32_1.0.0.202111181127/tools/bin/../lib/gcc/arm-none-eabi/10.3.1/thumb/v7e-m+dp/hard\libgcc.a(_dvmd_tls.o)
 .ARM.attributes
                0x0000000000000868       0x1e c:/st/stm32cubeide_1.9.0/stm32cubeide/plugins/com.st.stm32cube.ide.mcu.externaltools.gnu-tools-for-stm32.10.3-2021.10.win32_1.0.0.202111181127/tools/bin/../lib/gcc/arm-none-eabi/10.3.1/thumb/v7e-m+dp/hard/crtn.o
OUTPUT(01_STM32H750IBK6.elf elf32-littlearm)
LOAD linker stubs
LOAD c:/st/stm32cubeide_1.9.0/stm32cubeide/plugins/com.st.stm32cube.ide.mcu.externaltools.gnu-tools-for-stm32.10.3-2021.10.win32_1.0.0.202111181127/tools/bin/../lib/gcc/arm-none-eabi/10.3.1/../../../../arm-none-eabi/lib/thumb/v7e-m+dp/hard\libc.a
LOAD c:/st/stm32cubeide_1.9.0/stm32cubeide/plugins/com.st.stm32cube.ide.mcu.externaltools.gnu-tools-for-stm32.10.3-2021.10.win32_1.0.0.202111181127/tools/bin/../lib/gcc/arm-none-eabi/10.3.1/../../../../arm-none-eabi/lib/thumb/v7e-m+dp/hard\libm.a
LOAD c:/st/stm32cubeide_1.9.0/stm32cubeide/plugins/com.st.stm32cube.ide.mcu.externaltools.gnu-tools-for-stm32.10.3-2021.10.win32_1.0.0.202111181127/tools/bin/../lib/gcc/arm-none-eabi/10.3.1/thumb/v7e-m+dp/hard\libgcc.a

.debug_info     0x0000000000000000    0x18a29
 .debug_info    0x0000000000000000     0x2121 ./Core/Src/main.o
 .debug_info    0x0000000000002121     0x1d60 ./Core/Src/stm32h7xx_hal_msp.o
 .debug_info    0x0000000000003e81      0x84e ./Core/Src/stm32h7xx_it.o
 .debug_info    0x00000000000046cf      0x171 ./Core/Src/sysmem.o
 .debug_info    0x0000000000004840      0xd07 ./Core/Src/system_stm32h7xx.o
 .debug_info    0x0000000000005547       0x22 ./Core/Startup/startup_stm32h750ibkx.o
 .debug_info    0x0000000000005569     0x15dd ./Drivers/STM32H7xx_HAL_Driver/Src/stm32h7xx_hal.o
 .debug_info    0x0000000000006b46     0x1173 ./Drivers/STM32H7xx_HAL_Driver/Src/stm32h7xx_hal_cortex.o
 .debug_info    0x0000000000007cb9      0xcd5 ./Drivers/STM32H7xx_HAL_Driver/Src/stm32h7xx_hal_dma.o
 .debug_info    0x000000000000898e      0xd28 ./Drivers/STM32H7xx_HAL_Driver/Src/stm32h7xx_hal_gpio.o
 .debug_info    0x00000000000096b6     0x23b3 ./Drivers/STM32H7xx_HAL_Driver/Src/stm32h7xx_hal_i2c.o
 .debug_info    0x000000000000ba69      0xe39 ./Drivers/STM32H7xx_HAL_Driver/Src/stm32h7xx_hal_i2c_ex.o
 .debug_info    0x000000000000c8a2     0x109d ./Drivers/STM32H7xx_HAL_Driver/Src/stm32h7xx_hal_pwr_ex.o
 .debug_info    0x000000000000d93f      0xf4a ./Drivers/STM32H7xx_HAL_Driver/Src/stm32h7xx_hal_rcc.o
 .debug_info    0x000000000000e889     0x12b4 ./Drivers/STM32H7xx_HAL_Driver/Src/stm32h7xx_hal_rcc_ex.o
 .debug_info    0x000000000000fb3d     0x15ce ./Drivers/STM32H7xx_HAL_Driver/Src/stm32h7xx_hal_spi.o
 .debug_info    0x000000000001110b     0x4c42 ./Drivers/STM32H7xx_HAL_Driver/Src/stm32h7xx_hal_uart.o
 .debug_info    0x0000000000015d4d     0x100b ./Drivers/STM32H7xx_HAL_Driver/Src/stm32h7xx_hal_uart_ex.o
 .debug_info    0x0000000000016d58      0xc97 ./module/cons_msg/cons_msg.o
 .debug_info    0x00000000000179ef     0x103a ./module/sub_main/sub_main.o

.debug_abbrev   0x0000000000000000     0x2be4
 .debug_abbrev  0x0000000000000000      0x336 ./Core/Src/main.o
 .debug_abbrev  0x0000000000000336      0x24c ./Core/Src/stm32h7xx_hal_msp.o
 .debug_abbrev  0x0000000000000582      0x166 ./Core/Src/stm32h7xx_it.o
 .debug_abbrev  0x00000000000006e8       0xbb ./Core/Src/sysmem.o
 .debug_abbrev  0x00000000000007a3      0x147 ./Core/Src/system_stm32h7xx.o
 .debug_abbrev  0x00000000000008ea       0x12 ./Core/Startup/startup_stm32h750ibkx.o
 .debug_abbrev  0x00000000000008fc      0x289 ./Drivers/STM32H7xx_HAL_Driver/Src/stm32h7xx_hal.o
 .debug_abbrev  0x0000000000000b85      0x329 ./Drivers/STM32H7xx_HAL_Driver/Src/stm32h7xx_hal_cortex.o
 .debug_abbrev  0x0000000000000eae      0x239 ./Drivers/STM32H7xx_HAL_Driver/Src/stm32h7xx_hal_dma.o
 .debug_abbrev  0x00000000000010e7      0x1ec ./Drivers/STM32H7xx_HAL_Driver/Src/stm32h7xx_hal_gpio.o
 .debug_abbrev  0x00000000000012d3      0x243 ./Drivers/STM32H7xx_HAL_Driver/Src/stm32h7xx_hal_i2c.o
 .debug_abbrev  0x0000000000001516      0x1e1 ./Drivers/STM32H7xx_HAL_Driver/Src/stm32h7xx_hal_i2c_ex.o
 .debug_abbrev  0x00000000000016f7      0x28f ./Drivers/STM32H7xx_HAL_Driver/Src/stm32h7xx_hal_pwr_ex.o
 .debug_abbrev  0x0000000000001986      0x2b8 ./Drivers/STM32H7xx_HAL_Driver/Src/stm32h7xx_hal_rcc.o
 .debug_abbrev  0x0000000000001c3e      0x25c ./Drivers/STM32H7xx_HAL_Driver/Src/stm32h7xx_hal_rcc_ex.o
 .debug_abbrev  0x0000000000001e9a      0x29b ./Drivers/STM32H7xx_HAL_Driver/Src/stm32h7xx_hal_spi.o
 .debug_abbrev  0x0000000000002135      0x325 ./Drivers/STM32H7xx_HAL_Driver/Src/stm32h7xx_hal_uart.o
 .debug_abbrev  0x000000000000245a      0x2bd ./Drivers/STM32H7xx_HAL_Driver/Src/stm32h7xx_hal_uart_ex.o
 .debug_abbrev  0x0000000000002717      0x2e5 ./module/cons_msg/cons_msg.o
 .debug_abbrev  0x00000000000029fc      0x1e8 ./module/sub_main/sub_main.o

.debug_aranges  0x0000000000000000     0x1090
 .debug_aranges
                0x0000000000000000       0xa8 ./Core/Src/main.o
 .debug_aranges
                0x00000000000000a8       0x50 ./Core/Src/stm32h7xx_hal_msp.o
 .debug_aranges
                0x00000000000000f8       0x68 ./Core/Src/stm32h7xx_it.o
 .debug_aranges
                0x0000000000000160       0x20 ./Core/Src/sysmem.o
 .debug_aranges
                0x0000000000000180       0x28 ./Core/Src/system_stm32h7xx.o
 .debug_aranges
                0x00000000000001a8       0x28 ./Core/Startup/startup_stm32h750ibkx.o
 .debug_aranges
                0x00000000000001d0      0x198 ./Drivers/STM32H7xx_HAL_Driver/Src/stm32h7xx_hal.o
 .debug_aranges
                0x0000000000000368      0x120 ./Drivers/STM32H7xx_HAL_Driver/Src/stm32h7xx_hal_cortex.o
 .debug_aranges
                0x0000000000000488       0xa0 ./Drivers/STM32H7xx_HAL_Driver/Src/stm32h7xx_hal_dma.o
 .debug_aranges
                0x0000000000000528       0x58 ./Drivers/STM32H7xx_HAL_Driver/Src/stm32h7xx_hal_gpio.o
 .debug_aranges
                0x0000000000000580      0x290 ./Drivers/STM32H7xx_HAL_Driver/Src/stm32h7xx_hal_i2c.o
 .debug_aranges
                0x0000000000000810       0x48 ./Drivers/STM32H7xx_HAL_Driver/Src/stm32h7xx_hal_i2c_ex.o
 .debug_aranges
                0x0000000000000858      0x158 ./Drivers/STM32H7xx_HAL_Driver/Src/stm32h7xx_hal_pwr_ex.o
 .debug_aranges
                0x00000000000009b0       0x88 ./Drivers/STM32H7xx_HAL_Driver/Src/stm32h7xx_hal_rcc.o
 .debug_aranges
                0x0000000000000a38       0xf8 ./Drivers/STM32H7xx_HAL_Driver/Src/stm32h7xx_hal_rcc_ex.o
 .debug_aranges
                0x0000000000000b30      0x1a0 ./Drivers/STM32H7xx_HAL_Driver/Src/stm32h7xx_hal_spi.o
 .debug_aranges
                0x0000000000000cd0      0x248 ./Drivers/STM32H7xx_HAL_Driver/Src/stm32h7xx_hal_uart.o
 .debug_aranges
                0x0000000000000f18       0xa0 ./Drivers/STM32H7xx_HAL_Driver/Src/stm32h7xx_hal_uart_ex.o
 .debug_aranges
                0x0000000000000fb8       0x98 ./module/cons_msg/cons_msg.o
 .debug_aranges
                0x0000000000001050       0x40 ./module/sub_main/sub_main.o

.debug_ranges   0x0000000000000000      0xfa0
 .debug_ranges  0x0000000000000000       0x98 ./Core/Src/main.o
 .debug_ranges  0x0000000000000098       0x40 ./Core/Src/stm32h7xx_hal_msp.o
 .debug_ranges  0x00000000000000d8       0x58 ./Core/Src/stm32h7xx_it.o
 .debug_ranges  0x0000000000000130       0x10 ./Core/Src/sysmem.o
 .debug_ranges  0x0000000000000140       0x18 ./Core/Src/system_stm32h7xx.o
 .debug_ranges  0x0000000000000158       0x20 ./Core/Startup/startup_stm32h750ibkx.o
 .debug_ranges  0x0000000000000178      0x188 ./Drivers/STM32H7xx_HAL_Driver/Src/stm32h7xx_hal.o
 .debug_ranges  0x0000000000000300      0x110 ./Drivers/STM32H7xx_HAL_Driver/Src/stm32h7xx_hal_cortex.o
 .debug_ranges  0x0000000000000410       0x90 ./Drivers/STM32H7xx_HAL_Driver/Src/stm32h7xx_hal_dma.o
 .debug_ranges  0x00000000000004a0       0x48 ./Drivers/STM32H7xx_HAL_Driver/Src/stm32h7xx_hal_gpio.o
 .debug_ranges  0x00000000000004e8      0x280 ./Drivers/STM32H7xx_HAL_Driver/Src/stm32h7xx_hal_i2c.o
 .debug_ranges  0x0000000000000768       0x38 ./Drivers/STM32H7xx_HAL_Driver/Src/stm32h7xx_hal_i2c_ex.o
 .debug_ranges  0x00000000000007a0      0x148 ./Drivers/STM32H7xx_HAL_Driver/Src/stm32h7xx_hal_pwr_ex.o
 .debug_ranges  0x00000000000008e8       0x78 ./Drivers/STM32H7xx_HAL_Driver/Src/stm32h7xx_hal_rcc.o
 .debug_ranges  0x0000000000000960       0xe8 ./Drivers/STM32H7xx_HAL_Driver/Src/stm32h7xx_hal_rcc_ex.o
 .debug_ranges  0x0000000000000a48      0x190 ./Drivers/STM32H7xx_HAL_Driver/Src/stm32h7xx_hal_spi.o
 .debug_ranges  0x0000000000000bd8      0x268 ./Drivers/STM32H7xx_HAL_Driver/Src/stm32h7xx_hal_uart.o
 .debug_ranges  0x0000000000000e40       0x90 ./Drivers/STM32H7xx_HAL_Driver/Src/stm32h7xx_hal_uart_ex.o
 .debug_ranges  0x0000000000000ed0       0xa0 ./module/cons_msg/cons_msg.o
 .debug_ranges  0x0000000000000f70       0x30 ./module/sub_main/sub_main.o

.debug_macro    0x0000000000000000    0x37b71
 .debug_macro   0x0000000000000000      0x30f ./Core/Src/main.o
 .debug_macro   0x000000000000030f      0xa90 ./Core/Src/main.o
 .debug_macro   0x0000000000000d9f      0x238 ./Core/Src/main.o
 .debug_macro   0x0000000000000fd7       0x2e ./Core/Src/main.o
 .debug_macro   0x0000000000001005       0x3b ./Core/Src/main.o
 .debug_macro   0x0000000000001040       0x22 ./Core/Src/main.o
 .debug_macro   0x0000000000001062       0x8e ./Core/Src/main.o
 .debug_macro   0x00000000000010f0       0x51 ./Core/Src/main.o
 .debug_macro   0x0000000000001141      0x103 ./Core/Src/main.o
 .debug_macro   0x0000000000001244       0x6a ./Core/Src/main.o
 .debug_macro   0x00000000000012ae      0x1df ./Core/Src/main.o
 .debug_macro   0x000000000000148d       0x1c ./Core/Src/main.o
 .debug_macro   0x00000000000014a9       0x22 ./Core/Src/main.o
 .debug_macro   0x00000000000014cb       0xfb ./Core/Src/main.o
 .debug_macro   0x00000000000015c6     0x1305 ./Core/Src/main.o
 .debug_macro   0x00000000000028cb      0x11f ./Core/Src/main.o
 .debug_macro   0x00000000000029ea       0x27 ./Core/Src/main.o
 .debug_macro   0x0000000000002a11    0x25e6f ./Core/Src/main.o
 .debug_macro   0x0000000000028880       0x6d ./Core/Src/main.o
 .debug_macro   0x00000000000288ed     0x3d22 ./Core/Src/main.o
 .debug_macro   0x000000000002c60f      0x174 ./Core/Src/main.o
 .debug_macro   0x000000000002c783       0x52 ./Core/Src/main.o
 .debug_macro   0x000000000002c7d5       0x1d ./Core/Src/main.o
 .debug_macro   0x000000000002c7f2       0x3c ./Core/Src/main.o
 .debug_macro   0x000000000002c82e       0x34 ./Core/Src/main.o
 .debug_macro   0x000000000002c862       0x16 ./Core/Src/main.o
 .debug_macro   0x000000000002c878       0x43 ./Core/Src/main.o
 .debug_macro   0x000000000002c8bb       0x34 ./Core/Src/main.o
 .debug_macro   0x000000000002c8ef       0x10 ./Core/Src/main.o
 .debug_macro   0x000000000002c8ff       0x58 ./Core/Src/main.o
 .debug_macro   0x000000000002c957       0x71 ./Core/Src/main.o
 .debug_macro   0x000000000002c9c8       0x1c ./Core/Src/main.o
 .debug_macro   0x000000000002c9e4      0x12a ./Core/Src/main.o
 .debug_macro   0x000000000002cb0e      0x341 ./Core/Src/main.o
 .debug_macro   0x000000000002ce4f      0x19b ./Core/Src/main.o
 .debug_macro   0x000000000002cfea       0x5d ./Core/Src/main.o
 .debug_macro   0x000000000002d047     0x240e ./Core/Src/main.o
 .debug_macro   0x000000000002f455     0x1002 ./Core/Src/main.o
 .debug_macro   0x0000000000030457      0x14d ./Core/Src/main.o
 .debug_macro   0x00000000000305a4      0x114 ./Core/Src/main.o
 .debug_macro   0x00000000000306b8      0x3b2 ./Core/Src/main.o
 .debug_macro   0x0000000000030a6a       0xac ./Core/Src/main.o
 .debug_macro   0x0000000000030b16      0x72d ./Core/Src/main.o
 .debug_macro   0x0000000000031243      0x228 ./Core/Src/main.o
 .debug_macro   0x000000000003146b       0x66 ./Core/Src/main.o
 .debug_macro   0x00000000000314d1      0x3bb ./Core/Src/main.o
 .debug_macro   0x000000000003188c      0x3e4 ./Core/Src/main.o
 .debug_macro   0x0000000000031c70      0x275 ./Core/Src/main.o
 .debug_macro   0x0000000000031ee5      0x3ca ./Core/Src/main.o
 .debug_macro   0x00000000000322af      0x3de ./Core/Src/main.o
 .debug_macro   0x000000000003268d       0x3c ./Core/Src/main.o
 .debug_macro   0x00000000000326c9       0x4a ./Core/Src/main.o
 .debug_macro   0x0000000000032713      0x22c ./Core/Src/main.o
 .debug_macro   0x000000000003293f       0x67 ./Core/Src/main.o
 .debug_macro   0x00000000000329a6       0xa5 ./Core/Src/main.o
 .debug_macro   0x0000000000032a4b      0x1c4 ./Core/Src/main.o
 .debug_macro   0x0000000000032c0f      0x25e ./Core/Src/main.o
 .debug_macro   0x0000000000032e6d       0x35 ./Core/Src/main.o
 .debug_macro   0x0000000000032ea2      0x5e4 ./Core/Src/main.o
 .debug_macro   0x0000000000033486       0x9e ./Core/Src/main.o
 .debug_macro   0x0000000000033524      0x67e ./Core/Src/main.o
 .debug_macro   0x0000000000033ba2       0xa6 ./Core/Src/main.o
 .debug_macro   0x0000000000033c48      0x5a0 ./Core/Src/main.o
 .debug_macro   0x00000000000341e8       0xa0 ./Core/Src/main.o
 .debug_macro   0x0000000000034288       0xdc ./Core/Src/main.o
 .debug_macro   0x0000000000034364       0x1c ./Core/Src/main.o
 .debug_macro   0x0000000000034380      0x2bd ./Core/Src/stm32h7xx_hal_msp.o
 .debug_macro   0x000000000003463d      0x2c7 ./Core/Src/stm32h7xx_it.o
 .debug_macro   0x0000000000034904       0xff ./Core/Src/sysmem.o
 .debug_macro   0x0000000000034a03      0x23b ./Core/Src/sysmem.o
 .debug_macro   0x0000000000034c3e      0x2ae ./Core/Src/system_stm32h7xx.o
 .debug_macro   0x0000000000034eec      0x2d8 ./Drivers/STM32H7xx_HAL_Driver/Src/stm32h7xx_hal.o
 .debug_macro   0x00000000000351c4      0x2ae ./Drivers/STM32H7xx_HAL_Driver/Src/stm32h7xx_hal_cortex.o
 .debug_macro   0x0000000000035472      0x301 ./Drivers/STM32H7xx_HAL_Driver/Src/stm32h7xx_hal_dma.o
 .debug_macro   0x0000000000035773      0x2b5 ./Drivers/STM32H7xx_HAL_Driver/Src/stm32h7xx_hal_gpio.o
 .debug_macro   0x0000000000035a28      0x37a ./Drivers/STM32H7xx_HAL_Driver/Src/stm32h7xx_hal_i2c.o
 .debug_macro   0x0000000000035da2      0x2ae ./Drivers/STM32H7xx_HAL_Driver/Src/stm32h7xx_hal_i2c_ex.o
 .debug_macro   0x0000000000036050      0x2e7 ./Drivers/STM32H7xx_HAL_Driver/Src/stm32h7xx_hal_pwr_ex.o
 .debug_macro   0x0000000000036337      0x2d2 ./Drivers/STM32H7xx_HAL_Driver/Src/stm32h7xx_hal_rcc.o
 .debug_macro   0x0000000000036609      0x2cc ./Drivers/STM32H7xx_HAL_Driver/Src/stm32h7xx_hal_rcc_ex.o
 .debug_macro   0x00000000000368d5      0x2bd ./Drivers/STM32H7xx_HAL_Driver/Src/stm32h7xx_hal_spi.o
 .debug_macro   0x0000000000036b92      0x2d9 ./Drivers/STM32H7xx_HAL_Driver/Src/stm32h7xx_hal_uart.o
 .debug_macro   0x0000000000036e6b      0x2ba ./Drivers/STM32H7xx_HAL_Driver/Src/stm32h7xx_hal_uart_ex.o
 .debug_macro   0x0000000000037125      0x412 ./module/cons_msg/cons_msg.o
 .debug_macro   0x0000000000037537       0x16 ./module/cons_msg/cons_msg.o
 .debug_macro   0x000000000003754d       0x97 ./module/cons_msg/cons_msg.o
 .debug_macro   0x00000000000375e4       0xfd ./module/cons_msg/cons_msg.o
 .debug_macro   0x00000000000376e1       0x16 ./module/cons_msg/cons_msg.o
 .debug_macro   0x00000000000376f7       0x20 ./module/cons_msg/cons_msg.o
 .debug_macro   0x0000000000037717       0x4c ./module/cons_msg/cons_msg.o
 .debug_macro   0x0000000000037763       0x16 ./module/cons_msg/cons_msg.o
 .debug_macro   0x0000000000037779      0x3f8 ./module/sub_main/sub_main.o

.debug_line     0x0000000000000000    0x1847f
 .debug_line    0x0000000000000000      0xd98 ./Core/Src/main.o
 .debug_line    0x0000000000000d98      0xaa2 ./Core/Src/stm32h7xx_hal_msp.o
 .debug_line    0x000000000000183a      0x921 ./Core/Src/stm32h7xx_it.o
 .debug_line    0x000000000000215b      0x4e5 ./Core/Src/sysmem.o
 .debug_line    0x0000000000002640      0x9f6 ./Core/Src/system_stm32h7xx.o
 .debug_line    0x0000000000003036       0x88 ./Core/Startup/startup_stm32h750ibkx.o
 .debug_line    0x00000000000030be      0xdf4 ./Drivers/STM32H7xx_HAL_Driver/Src/stm32h7xx_hal.o
 .debug_line    0x0000000000003eb2      0xdfa ./Drivers/STM32H7xx_HAL_Driver/Src/stm32h7xx_hal_cortex.o
 .debug_line    0x0000000000004cac     0x2743 ./Drivers/STM32H7xx_HAL_Driver/Src/stm32h7xx_hal_dma.o
 .debug_line    0x00000000000073ef      0xcb7 ./Drivers/STM32H7xx_HAL_Driver/Src/stm32h7xx_hal_gpio.o
 .debug_line    0x00000000000080a6     0x380c ./Drivers/STM32H7xx_HAL_Driver/Src/stm32h7xx_hal_i2c.o
 .debug_line    0x000000000000b8b2      0xa64 ./Drivers/STM32H7xx_HAL_Driver/Src/stm32h7xx_hal_i2c_ex.o
 .debug_line    0x000000000000c316      0xf0e ./Drivers/STM32H7xx_HAL_Driver/Src/stm32h7xx_hal_pwr_ex.o
 .debug_line    0x000000000000d224     0x1362 ./Drivers/STM32H7xx_HAL_Driver/Src/stm32h7xx_hal_rcc.o
 .debug_line    0x000000000000e586     0x1b1c ./Drivers/STM32H7xx_HAL_Driver/Src/stm32h7xx_hal_rcc_ex.o
 .debug_line    0x00000000000100a2     0x1fc4 ./Drivers/STM32H7xx_HAL_Driver/Src/stm32h7xx_hal_spi.o
 .debug_line    0x0000000000012066     0x3e4d ./Drivers/STM32H7xx_HAL_Driver/Src/stm32h7xx_hal_uart.o
 .debug_line    0x0000000000015eb3      0xed2 ./Drivers/STM32H7xx_HAL_Driver/Src/stm32h7xx_hal_uart_ex.o
 .debug_line    0x0000000000016d85      0xceb ./module/cons_msg/cons_msg.o
 .debug_line    0x0000000000017a70      0xa0f ./module/sub_main/sub_main.o

.debug_str      0x0000000000000000   0x15ebd6
 .debug_str     0x0000000000000000   0x158319 ./Core/Src/main.o
                                     0x158909 (size before relaxing)
 .debug_str     0x0000000000158319      0x8b6 ./Core/Src/stm32h7xx_hal_msp.o
                                     0x1588f4 (size before relaxing)
 .debug_str     0x0000000000158bcf       0xef ./Core/Src/stm32h7xx_it.o
                                     0x157597 (size before relaxing)
 .debug_str     0x0000000000158cbe      0x4da ./Core/Src/sysmem.o
                                       0x5e0f (size before relaxing)
 .debug_str     0x0000000000159198      0x344 ./Core/Src/system_stm32h7xx.o
                                     0x157225 (size before relaxing)
 .debug_str     0x00000000001594dc       0x36 ./Core/Startup/startup_stm32h750ibkx.o
                                         0x88 (size before relaxing)
 .debug_str     0x0000000000159512      0x7f9 ./Drivers/STM32H7xx_HAL_Driver/Src/stm32h7xx_hal.o
                                     0x15814a (size before relaxing)
 .debug_str     0x0000000000159d0b      0x333 ./Drivers/STM32H7xx_HAL_Driver/Src/stm32h7xx_hal_cortex.o
                                     0x157b4d (size before relaxing)
 .debug_str     0x000000000015a03e      0x88e ./Drivers/STM32H7xx_HAL_Driver/Src/stm32h7xx_hal_dma.o
                                     0x15795f (size before relaxing)
 .debug_str     0x000000000015a8cc       0xd9 ./Drivers/STM32H7xx_HAL_Driver/Src/stm32h7xx_hal_gpio.o
                                     0x1571dc (size before relaxing)
 .debug_str     0x000000000015a9a5      0xd67 ./Drivers/STM32H7xx_HAL_Driver/Src/stm32h7xx_hal_i2c.o
                                     0x158241 (size before relaxing)
 .debug_str     0x000000000015b70c       0xb8 ./Drivers/STM32H7xx_HAL_Driver/Src/stm32h7xx_hal_i2c_ex.o
                                     0x157635 (size before relaxing)
 .debug_str     0x000000000015b7c4      0x642 ./Drivers/STM32H7xx_HAL_Driver/Src/stm32h7xx_hal_pwr_ex.o
                                     0x15769d (size before relaxing)
 .debug_str     0x000000000015be06      0x22e ./Drivers/STM32H7xx_HAL_Driver/Src/stm32h7xx_hal_rcc.o