../Core/Src/main.c:90:9:i2c_read	32	static
../Core/Src/main.c:107:6:i2c_write	32	static
../Core/Src/main.c:123:5:main	8	static
../Core/Src/main.c:200:6:SystemClock_Config	128	static
../Core/Src/main.c:267:6:PeriphCommonClock_Config	200	static
../Core/Src/main.c:298:13:MX_I2C1_Init	8	static
../Core/Src/main.c:346:13:MX_I2C2_Init	8	static
../Core/Src/main.c:394:13:MX_I2C3_Init	8	static
../Core/Src/main.c:442:13:MX_I2C4_Init	8	static
../Core/Src/main.c:490:13:MX_SPI1_Init	8	static
../Core/Src/main.c:538:13:MX_SPI2_Init	8	static
../Core/Src/main.c:586:13:MX_SPI4_Init	8	static
../Core/Src/main.c:634:13:MX_SPI5_Init	8	static
../Core/Src/main.c:682:13:MX_USART2_UART_Init	8	static
../Core/Src/main.c:730:13:MX_GPIO_Init	64	static
../Core/Src/main.c:773:6:HAL_UART_RxCpltCallback	16	static
../Core/Src/main.c:779:6:HAL_UART_TxCpltCallback	16	static
../Core/Src/main.c:789:6:Error_Handler	4	static,ignoring_inline_asm
