../Core/Src/main.c:73:9:i2c_read	32	static
../Core/Src/main.c:90:6:i2c_write	32	static
../Core/Src/main.c:106:5:main	8	static
../Core/Src/main.c:213:6:SystemClock_Config	120	static
../Core/Src/main.c:273:13:MX_ADC3_Init	40	static
../Core/Src/main.c:331:13:MX_DAC1_Init	48	static
../Core/Src/main.c:381:13:MX_I2C1_Init	8	static
../Core/Src/main.c:429:13:MX_I2C2_Init	8	static
../Core/Src/main.c:477:13:MX_I2C3_Init	8	static
../Core/Src/main.c:525:13:MX_I2C4_Init	8	static
../Core/Src/main.c:573:13:MX_SPI1_Init	8	static
../Core/Src/main.c:621:13:MX_GPIO_Init	64	static
../Core/Src/main.c:703:6:Error_Handler	4	static,ignoring_inline_asm
